******************************************************************************
                  TI ARM Linker Unix v18.1.1                   
******************************************************************************
>> Linked Thu May  3 14:41:16 2018

OUTPUT FILE NAME:   <cpe329_proj2.out>
ENTRY POINT SYMBOL: "_c_int00_noargs"  address: 00000d5d


MEMORY CONFIGURATION

         name            origin    length      used     unused   attr    fill
----------------------  --------  ---------  --------  --------  ----  --------
  MAIN                  00000000   00040000  00000e06  0003f1fa  R  X
  INFO                  00200000   00004000  00000000  00004000  R  X
  SRAM_CODE             01000000   00010000  0000020c  0000fdf4  RW X
  SRAM_DATA             20000000   00010000  0000020c  0000fdf4  RW  


SEGMENT ALLOCATION MAP

run origin  load origin   length   init length attrs members
----------  ----------- ---------- ----------- ----- -------
00000000    00000000    00000e08   00000e08    r-x
  00000000    00000000    000000e4   000000e4    r-- .intvecs
  000000e4    000000e4    00000d02   00000d02    r-x .text
  00000de8    00000de8    00000020   00000020    r-- .cinit
20000000    20000000    0000000c   00000000    rw-
  20000000    20000000    0000000c   00000000    rw- .data
2000fe00    2000fe00    00000200   00000000    rw-
  2000fe00    2000fe00    00000200   00000000    rw- .stack


SECTION ALLOCATION MAP

 output                                  attributes/
section   page    origin      length       input sections
--------  ----  ----------  ----------   ----------------
.intvecs   0    00000000    000000e4     
                  00000000    000000e4     startup_msp432p401r_ccs.obj (.intvecs:retain)

.text      0    000000e4    00000d02     
                  000000e4    00000334     system_msp432p401r.obj (.text)
                  00000418    00000284     keypad.obj (.text)
                  0000069c    0000023c     main.obj (.text)
                  000008d8    00000136     rtsv7M4_T_le_v4SPD16_eabi.lib : fd_div_t2.asm.obj (.text)
                  00000a0e    00000002     --HOLE-- [fill = 0]
                  00000a10    00000134     delay.obj (.text)
                  00000b44    0000009c     rtsv7M4_T_le_v4SPD16_eabi.lib : memcpy_t2.asm.obj (.text)
                  00000be0    00000086                                   : fd_cmp_t2.asm.obj (.text:__aeabi_cdcmple)
                  00000c66    00000068                                   : copy_decompress_lzss.c.obj (.text:decompress:lzss:__TI_decompress_lzss)
                  00000cce    00000048                                   : fd_toi_t2.asm.obj (.text)
                  00000d16    00000002     --HOLE-- [fill = 0]
                  00000d18    00000044                                   : autoinit.c.obj (.text:__TI_auto_init_nobinit_nopinit:__TI_auto_init_nobinit_nopinit)
                  00000d5c    00000038                                   : boot_cortex_m.c.obj (.text:_c_int00_noargs:_c_int00_noargs)
                  00000d94    0000002e                                   : i_tofd_t2.asm.obj (.text)
                  00000dc2    0000000e                                   : copy_decompress_none.c.obj (.text:decompress:none:__TI_decompress_none)
                  00000dd0    0000000e     startup_msp432p401r_ccs.obj (.text)
                  00000dde    00000004     rtsv7M4_T_le_v4SPD16_eabi.lib : pre_init.c.obj (.text:_system_pre_init)
                  00000de2    00000004                                   : exit.c.obj (.text:abort:abort)

.cinit     0    00000de8    00000020     
                  00000de8    0000000f     (.cinit..data.load) [load image, compression = lzss]
                  00000df7    00000001     --HOLE-- [fill = 0]
                  00000df8    00000008     (__TI_handler_table)
                  00000e00    00000008     (__TI_cinit_table)

.init_array 
*          0    00000000    00000000     UNINITIALIZED

.binit     0    00000000    00000000     

.data      0    20000000    0000000c     UNINITIALIZED
                  20000000    00000005     main.obj (.data)
                  20000005    00000003     --HOLE--
                  20000008    00000004     system_msp432p401r.obj (.data)

.stack     0    2000fe00    00000200     UNINITIALIZED
                  2000fe00    00000004     rtsv7M4_T_le_v4SPD16_eabi.lib : boot_cortex_m.c.obj (.stack)
                  2000fe04    000001fc     --HOLE--

MODULE SUMMARY

       Module                        code   ro data   rw data
       ------                        ----   -------   -------
    ./
       system_msp432p401r.obj        820    0         8      
       keypad.obj                    644    0         0      
       main.obj                      572    0         10     
       delay.obj                     308    0         0      
       startup_msp432p401r_ccs.obj   14     228       0      
    +--+-----------------------------+------+---------+---------+
       Total:                        2358   228       18     
                                                             
    /Applications/ti/ccsv8/tools/compiler/ti-cgt-arm_18.1.1.LTS/lib/rtsv7M4_T_le_v4SPD16_eabi.lib
       fd_div_t2.asm.obj             310    0         0      
       memcpy_t2.asm.obj             156    0         0      
       fd_cmp_t2.asm.obj             134    0         0      
       copy_decompress_lzss.c.obj    104    0         0      
       fd_toi_t2.asm.obj             72     0         0      
       autoinit.c.obj                68     0         0      
       boot_cortex_m.c.obj           56     0         0      
       i_tofd_t2.asm.obj             46     0         0      
       copy_decompress_none.c.obj    14     0         0      
       exit.c.obj                    4      0         0      
       pre_init.c.obj                4      0         0      
    +--+-----------------------------+------+---------+---------+
       Total:                        968    0         0      
                                                             
       Stack:                        0      0         1024   
       Linker Generated:             0      31        0      
    +--+-----------------------------+------+---------+---------+
       Grand Total:                  3326   259       1042   


LINKER GENERATED COPY TABLES

__TI_cinit_table @ 00000e00 records: 1, size/record: 8, table size: 8
	.data: load addr=00000de8, load size=0000000f bytes, run addr=20000000, run size=0000000c bytes, compression=lzss


LINKER GENERATED HANDLER TABLE

__TI_handler_table @ 00000df8 records: 2, size/record: 4, table size: 8
	index: 0, handler: __TI_decompress_lzss
	index: 1, handler: __TI_decompress_none


GLOBAL SYMBOLS: SORTED ALPHABETICALLY BY Name 

address   name                          
-------   ----                          
00000ddd  ADC14_IRQHandler              
00000ddd  AES256_IRQHandler             
00000ddd  BusFault_Handler              
00000de3  C$$EXIT                       
00000ddd  COMP_E0_IRQHandler            
00000ddd  COMP_E1_IRQHandler            
00000ddd  CS_IRQHandler                 
00000ddd  DMA_ERR_IRQHandler            
00000ddd  DMA_INT0_IRQHandler           
00000ddd  DMA_INT1_IRQHandler           
00000ddd  DMA_INT2_IRQHandler           
00000ddd  DMA_INT3_IRQHandler           
00000ddd  DebugMon_Handler              
00000ddd  Default_Handler               
00000ddd  EUSCIA0_IRQHandler            
00000ddd  EUSCIA1_IRQHandler            
00000ddd  EUSCIA2_IRQHandler            
00000ddd  EUSCIA3_IRQHandler            
00000ddd  EUSCIB0_IRQHandler            
00000ddd  EUSCIB1_IRQHandler            
00000ddd  EUSCIB2_IRQHandler            
00000ddd  EUSCIB3_IRQHandler            
00000ddd  FLCTL_IRQHandler              
00000ddd  FPU_IRQHandler                
00000ddd  HardFault_Handler             
00000ddd  MemManage_Handler             
00000ddd  NMI_Handler                   
00000ddd  PCM_IRQHandler                
00000ddd  PORT1_IRQHandler              
00000ddd  PORT2_IRQHandler              
00000ddd  PORT3_IRQHandler              
00000ddd  PORT4_IRQHandler              
00000ddd  PORT5_IRQHandler              
00000ddd  PORT6_IRQHandler              
00000ddd  PSS_IRQHandler                
00000ddd  PendSV_Handler                
00000ddd  RTC_C_IRQHandler              
00000dd1  Reset_Handler                 
00000ddd  SVC_Handler                   
00000ddd  SysTick_Handler               
20000008  SystemCoreClock               
000000e5  SystemCoreClockUpdate         
0000035d  SystemInit                    
00000ddd  T32_INT1_IRQHandler           
00000ddd  T32_INT2_IRQHandler           
00000ddd  T32_INTC_IRQHandler           
00000791  TA0_0_IRQHandler              
00000791  TA0_0_IRQHandler              
00000ddd  TA0_N_IRQHandler              
00000ddd  TA1_0_IRQHandler              
00000ddd  TA1_N_IRQHandler              
00000ddd  TA2_0_IRQHandler              
00000ddd  TA2_N_IRQHandler              
00000ddd  TA3_0_IRQHandler              
00000ddd  TA3_N_IRQHandler              
00000ddd  UsageFault_Handler            
4000480c  WDTCTL_SYM                    
00000ddd  WDT_A_IRQHandler              
20010000  __STACK_END                   
00000200  __STACK_SIZE                  
00000e00  __TI_CINIT_Base               
00000e08  __TI_CINIT_Limit              
00000df8  __TI_Handler_Table_Base       
00000e00  __TI_Handler_Table_Limit      
00000d19  __TI_auto_init_nobinit_nopinit
00000c67  __TI_decompress_lzss          
00000dc3  __TI_decompress_none          
ffffffff  __TI_pprof_out_hndl           
ffffffff  __TI_prof_data_size           
ffffffff  __TI_prof_data_start          
00000000  __TI_static_base__            
00000be1  __aeabi_cdcmpeq               
00000be1  __aeabi_cdcmple               
00000ccf  __aeabi_d2iz                  
000008d9  __aeabi_ddiv                  
00000d95  __aeabi_i2d                   
00000b45  __aeabi_memcpy                
00000b45  __aeabi_memcpy4               
00000b45  __aeabi_memcpy8               
ffffffff  __binit__                     
ffffffff  __c_args__                    
UNDEFED   __mpu_init                    
2000fe00  __stack                       
00000d5d  _c_int00_noargs               
UNDEFED   _system_post_cinit            
00000ddf  _system_pre_init              
00000de3  abort                         
ffffffff  binit                         
00000ac7  delay_ms                      
00000b1b  delay_us                      
00000517  displayAndLight               
00000419  get_pin                       
00000000  interruptVectors              
0000061d  keypadCmd                     
20000004  keypadfreq                    
0000069d  main                          
00000b45  memcpy                        
00000a11  set_dco                       
20000000  state                         


GLOBAL SYMBOLS: SORTED BY Symbol Address 

address   name                          
-------   ----                          
00000000  __TI_static_base__            
00000000  interruptVectors              
000000e5  SystemCoreClockUpdate         
00000200  __STACK_SIZE                  
0000035d  SystemInit                    
00000419  get_pin                       
00000517  displayAndLight               
0000061d  keypadCmd                     
0000069d  main                          
00000791  TA0_0_IRQHandler              
00000791  TA0_0_IRQHandler              
000008d9  __aeabi_ddiv                  
00000a11  set_dco                       
00000ac7  delay_ms                      
00000b1b  delay_us                      
00000b45  __aeabi_memcpy                
00000b45  __aeabi_memcpy4               
00000b45  __aeabi_memcpy8               
00000b45  memcpy                        
00000be1  __aeabi_cdcmpeq               
00000be1  __aeabi_cdcmple               
00000c67  __TI_decompress_lzss          
00000ccf  __aeabi_d2iz                  
00000d19  __TI_auto_init_nobinit_nopinit
00000d5d  _c_int00_noargs               
00000d95  __aeabi_i2d                   
00000dc3  __TI_decompress_none          
00000dd1  Reset_Handler                 
00000ddd  ADC14_IRQHandler              
00000ddd  AES256_IRQHandler             
00000ddd  BusFault_Handler              
00000ddd  COMP_E0_IRQHandler            
00000ddd  COMP_E1_IRQHandler            
00000ddd  CS_IRQHandler                 
00000ddd  DMA_ERR_IRQHandler            
00000ddd  DMA_INT0_IRQHandler           
00000ddd  DMA_INT1_IRQHandler           
00000ddd  DMA_INT2_IRQHandler           
00000ddd  DMA_INT3_IRQHandler           
00000ddd  DebugMon_Handler              
00000ddd  Default_Handler               
00000ddd  EUSCIA0_IRQHandler            
00000ddd  EUSCIA1_IRQHandler            
00000ddd  EUSCIA2_IRQHandler            
00000ddd  EUSCIA3_IRQHandler            
00000ddd  EUSCIB0_IRQHandler            
00000ddd  EUSCIB1_IRQHandler            
00000ddd  EUSCIB2_IRQHandler            
00000ddd  EUSCIB3_IRQHandler            
00000ddd  FLCTL_IRQHandler              
00000ddd  FPU_IRQHandler                
00000ddd  HardFault_Handler             
00000ddd  MemManage_Handler             
00000ddd  NMI_Handler                   
00000ddd  PCM_IRQHandler                
00000ddd  PORT1_IRQHandler              
00000ddd  PORT2_IRQHandler              
00000ddd  PORT3_IRQHandler              
00000ddd  PORT4_IRQHandler              
00000ddd  PORT5_IRQHandler              
00000ddd  PORT6_IRQHandler              
00000ddd  PSS_IRQHandler                
00000ddd  PendSV_Handler                
00000ddd  RTC_C_IRQHandler              
00000ddd  SVC_Handler                   
00000ddd  SysTick_Handler               
00000ddd  T32_INT1_IRQHandler           
00000ddd  T32_INT2_IRQHandler           
00000ddd  T32_INTC_IRQHandler           
00000ddd  TA0_N_IRQHandler              
00000ddd  TA1_0_IRQHandler              
00000ddd  TA1_N_IRQHandler              
00000ddd  TA2_0_IRQHandler              
00000ddd  TA2_N_IRQHandler              
00000ddd  TA3_0_IRQHandler              
00000ddd  TA3_N_IRQHandler              
00000ddd  UsageFault_Handler            
00000ddd  WDT_A_IRQHandler              
00000ddf  _system_pre_init              
00000de3  C$$EXIT                       
00000de3  abort                         
00000df8  __TI_Handler_Table_Base       
00000e00  __TI_CINIT_Base               
00000e00  __TI_Handler_Table_Limit      
00000e08  __TI_CINIT_Limit              
20000000  state                         
20000004  keypadfreq                    
20000008  SystemCoreClock               
2000fe00  __stack                       
20010000  __STACK_END                   
4000480c  WDTCTL_SYM                    
ffffffff  __TI_pprof_out_hndl           
ffffffff  __TI_prof_data_size           
ffffffff  __TI_prof_data_start          
ffffffff  __binit__                     
ffffffff  __c_args__                    
ffffffff  binit                         
UNDEFED   __mpu_init                    
UNDEFED   _system_post_cinit            

[99 symbols]
