******************************************************************************
                  TI ARM Linker Unix v18.1.1                   
******************************************************************************
>> Linked Tue Jun  5 13:18:09 2018

OUTPUT FILE NAME:   <cpe329_final_project.out>
ENTRY POINT SYMBOL: "_c_int00_noargs"  address: 00001239


MEMORY CONFIGURATION

         name            origin    length      used     unused   attr    fill
----------------------  --------  ---------  --------  --------  ----  --------
  MAIN                  00000000   00040000  00001304  0003ecfc  R  X
  INFO                  00200000   00004000  00000000  00004000  R  X
  SRAM_CODE             01000000   00010000  00000208  0000fdf8  RW X
  SRAM_DATA             20000000   00010000  00000208  0000fdf8  RW  


SEGMENT ALLOCATION MAP

run origin  load origin   length   init length attrs members
----------  ----------- ---------- ----------- ----- -------
00000000    00000000    00001308   00001308    r-x
  00000000    00000000    000000e4   000000e4    r-- .intvecs
  000000e4    000000e4    000011f0   000011f0    r-x .text
  000012d8    000012d8    00000030   00000030    r-- .cinit
20000000    20000000    00000008   00000000    rw-
  20000000    20000000    00000004   00000000    rw- .bss
  20000004    20000004    00000004   00000000    rw- .data
2000fe00    2000fe00    00000200   00000000    rw-
  2000fe00    2000fe00    00000200   00000000    rw- .stack


SECTION ALLOCATION MAP

 output                                  attributes/
section   page    origin      length       input sections
--------  ----  ----------  ----------   ----------------
.intvecs   0    00000000    000000e4     
                  00000000    000000e4     startup_msp432p401r_ccs.obj (.intvecs:retain)

.text      0    000000e4    000011f0     
                  000000e4    0000040c     turret.obj (.text)
                  000004f0    00000334     system_msp432p401r.obj (.text)
                  00000824    000002e8     keypad.obj (.text)
                  00000b0c    0000018c     LCD.obj (.text)
                  00000c98    00000136     rtsv7M4_T_le_v4SPD16_eabi.lib : fd_div_t2.asm.obj (.text)
                  00000dce    00000002     --HOLE-- [fill = 0]
                  00000dd0    00000134     delay.obj (.text)
                  00000f04    0000011c     main.obj (.text)
                  00001020    0000009c     rtsv7M4_T_le_v4SPD16_eabi.lib : memcpy_t2.asm.obj (.text)
                  000010bc    00000086                                   : fd_cmp_t2.asm.obj (.text:__aeabi_cdcmple)
                  00001142    00000068                                   : copy_decompress_lzss.c.obj (.text:decompress:lzss:__TI_decompress_lzss)
                  000011aa    00000048                                   : fd_toi_t2.asm.obj (.text)
                  000011f2    00000002     --HOLE-- [fill = 0]
                  000011f4    00000044                                   : autoinit.c.obj (.text:__TI_auto_init_nobinit_nopinit:__TI_auto_init_nobinit_nopinit)
                  00001238    00000038                                   : boot_cortex_m.c.obj (.text:_c_int00_noargs:_c_int00_noargs)
                  00001270    0000002e                                   : i_tofd_t2.asm.obj (.text)
                  0000129e    00000012                                   : copy_zero_init.c.obj (.text:decompress:ZI:__TI_zero_init_nomemset:__TI_zero_init_nomemset)
                  000012b0    0000000e                                   : copy_decompress_none.c.obj (.text:decompress:none:__TI_decompress_none)
                  000012be    0000000e     startup_msp432p401r_ccs.obj (.text)
                  000012cc    00000004     rtsv7M4_T_le_v4SPD16_eabi.lib : pre_init.c.obj (.text:_system_pre_init)
                  000012d0    00000004                                   : exit.c.obj (.text:abort:abort)

.cinit     0    000012d8    00000030     
                  000012d8    0000000c     (__TI_handler_table)
                  000012e4    00000004     --HOLE-- [fill = 0]
                  000012e8    00000008     (.cinit..bss.load) [load image, compression = zero_init]
                  000012f0    00000008     (.cinit..data.load) [load image, compression = lzss]
                  000012f8    00000010     (__TI_cinit_table)

.init_array 
*          0    00000000    00000000     UNINITIALIZED

.binit     0    00000000    00000000     

.bss       0    20000000    00000004     UNINITIALIZED
                  20000000    00000004     (.common:ammoCount)

.data      0    20000004    00000004     UNINITIALIZED
                  20000004    00000004     system_msp432p401r.obj (.data)

.stack     0    2000fe00    00000200     UNINITIALIZED
                  2000fe00    00000004     rtsv7M4_T_le_v4SPD16_eabi.lib : boot_cortex_m.c.obj (.stack)
                  2000fe04    000001fc     --HOLE--

MODULE SUMMARY

       Module                        code   ro data   rw data
       ------                        ----   -------   -------
    ./
       turret.obj                    1036   0         0      
       system_msp432p401r.obj        820    0         8      
       keypad.obj                    744    0         0      
       LCD.obj                       396    0         0      
       delay.obj                     308    0         0      
       main.obj                      284    0         8      
       startup_msp432p401r_ccs.obj   14     228       0      
    +--+-----------------------------+------+---------+---------+
       Total:                        3602   228       16     
                                                             
    /Applications/ti/ccsv8/tools/compiler/ti-cgt-arm_18.1.1.LTS/lib/rtsv7M4_T_le_v4SPD16_eabi.lib
       fd_div_t2.asm.obj             310    0         0      
       memcpy_t2.asm.obj             156    0         0      
       fd_cmp_t2.asm.obj             134    0         0      
       copy_decompress_lzss.c.obj    104    0         0      
       fd_toi_t2.asm.obj             72     0         0      
       autoinit.c.obj                68     0         0      
       boot_cortex_m.c.obj           56     0         0      
       i_tofd_t2.asm.obj             46     0         0      
       copy_zero_init.c.obj          18     0         0      
       copy_decompress_none.c.obj    14     0         0      
       exit.c.obj                    4      0         0      
       pre_init.c.obj                4      0         0      
    +--+-----------------------------+------+---------+---------+
       Total:                        986    0         0      
                                                             
       Stack:                        0      0         1024   
       Linker Generated:             0      44        0      
    +--+-----------------------------+------+---------+---------+
       Grand Total:                  4588   272       1040   


LINKER GENERATED COPY TABLES

__TI_cinit_table @ 000012f8 records: 2, size/record: 8, table size: 16
	.bss: load addr=000012e8, load size=00000008 bytes, run addr=20000000, run size=00000004 bytes, compression=zero_init
	.data: load addr=000012f0, load size=00000008 bytes, run addr=20000004, run size=00000004 bytes, compression=lzss


LINKER GENERATED HANDLER TABLE

__TI_handler_table @ 000012d8 records: 3, size/record: 4, table size: 12
	index: 0, handler: __TI_decompress_lzss
	index: 1, handler: __TI_decompress_none
	index: 2, handler: __TI_zero_init


GLOBAL SYMBOLS: SORTED ALPHABETICALLY BY Name 

address   name                          
-------   ----                          
000012cb  ADC14_IRQHandler              
000012cb  AES256_IRQHandler             
000012cb  BusFault_Handler              
000012d1  C$$EXIT                       
000012cb  COMP_E0_IRQHandler            
000012cb  COMP_E1_IRQHandler            
000012cb  CS_IRQHandler                 
00000c09  Clear_LCD                     
000012cb  DMA_ERR_IRQHandler            
000012cb  DMA_INT0_IRQHandler           
000012cb  DMA_INT1_IRQHandler           
000012cb  DMA_INT2_IRQHandler           
000012cb  DMA_INT3_IRQHandler           
000012cb  DebugMon_Handler              
000012cb  Default_Handler               
000012cb  EUSCIA0_IRQHandler            
000012cb  EUSCIA1_IRQHandler            
000012cb  EUSCIA2_IRQHandler            
000012cb  EUSCIA3_IRQHandler            
000012cb  EUSCIB0_IRQHandler            
000012cb  EUSCIB1_IRQHandler            
000012cb  EUSCIB2_IRQHandler            
000012cb  EUSCIB3_IRQHandler            
000012cb  FLCTL_IRQHandler              
000012cb  FPU_IRQHandler                
000012cb  HardFault_Handler             
00000c13  Home_LCD                      
00000b2d  LCD_CMD                       
00000b73  LCD_INIT                      
000002d1  LCD_Keypad_init               
00000bcb  LCD_WRITE                     
0000030d  LCD_ammo_prompt               
00000387  LCD_display_ammo_count        
000012cb  MemManage_Handler             
000012cb  NMI_Handler                   
000012cb  PCM_IRQHandler                
000012cb  PORT1_IRQHandler              
000012cb  PORT2_IRQHandler              
000012cb  PORT3_IRQHandler              
000012cb  PORT4_IRQHandler              
000012cb  PORT5_IRQHandler              
000012cb  PORT6_IRQHandler              
000012cb  PSS_IRQHandler                
000012cb  PendSV_Handler                
000012cb  RTC_C_IRQHandler              
000012bf  Reset_Handler                 
000012cb  SVC_Handler                   
000012cb  SysTick_Handler               
20000004  SystemCoreClock               
000004f1  SystemCoreClockUpdate         
00000769  SystemInit                    
000012cb  T32_INT1_IRQHandler           
000012cb  T32_INT2_IRQHandler           
000012cb  T32_INTC_IRQHandler           
000012cb  TA0_0_IRQHandler              
000012cb  TA0_N_IRQHandler              
000012cb  TA1_0_IRQHandler              
000012cb  TA1_N_IRQHandler              
000012cb  TA2_0_IRQHandler              
000012cb  TA2_N_IRQHandler              
000012cb  TA3_0_IRQHandler              
000012cb  TA3_N_IRQHandler              
000012cb  UsageFault_Handler            
4000480c  WDTCTL_SYM                    
000012cb  WDT_A_IRQHandler              
00000c1d  Write_char_LCD                
00000c5b  Write_string_LCD              
20010000  __STACK_END                   
00000200  __STACK_SIZE                  
000012f8  __TI_CINIT_Base               
00001308  __TI_CINIT_Limit              
000012d8  __TI_Handler_Table_Base       
000012e4  __TI_Handler_Table_Limit      
000011f5  __TI_auto_init_nobinit_nopinit
00001143  __TI_decompress_lzss          
000012b1  __TI_decompress_none          
ffffffff  __TI_pprof_out_hndl           
ffffffff  __TI_prof_data_size           
ffffffff  __TI_prof_data_start          
00000000  __TI_static_base__            
0000129f  __TI_zero_init_nomemset       
000010bd  __aeabi_cdcmpeq               
000010bd  __aeabi_cdcmple               
000011ab  __aeabi_d2iz                  
00000c99  __aeabi_ddiv                  
00001271  __aeabi_i2d                   
00001021  __aeabi_memcpy                
00001021  __aeabi_memcpy4               
00001021  __aeabi_memcpy8               
ffffffff  __binit__                     
ffffffff  __c_args__                    
UNDEFED   __mpu_init                    
2000fe00  __stack                       
00001239  _c_int00_noargs               
UNDEFED   _system_post_cinit            
000012cd  _system_pre_init              
000012d1  abort                         
20000000  ammoCount                     
ffffffff  binit                         
0000031b  convert_ammo_string_to_int    
00000e87  delay_ms                      
00000edb  delay_us                      
00000923  displayAndLight               
00000421  getDistance                   
00000825  get_pin                       
00000000  interruptVectors              
00000f05  main                          
00001021  memcpy                        
000001f3  motor_off                     
000001d3  motor_on                      
000001ab  pull_trigger                  
00000213  reload_turret                 
000003d9  sensor_init                   
00000dd1  set_dco                       
000000e5  turret_init                   


GLOBAL SYMBOLS: SORTED BY Symbol Address 

address   name                          
-------   ----                          
00000000  __TI_static_base__            
00000000  interruptVectors              
000000e5  turret_init                   
000001ab  pull_trigger                  
000001d3  motor_on                      
000001f3  motor_off                     
00000200  __STACK_SIZE                  
00000213  reload_turret                 
000002d1  LCD_Keypad_init               
0000030d  LCD_ammo_prompt               
0000031b  convert_ammo_string_to_int    
00000387  LCD_display_ammo_count        
000003d9  sensor_init                   
00000421  getDistance                   
000004f1  SystemCoreClockUpdate         
00000769  SystemInit                    
00000825  get_pin                       
00000923  displayAndLight               
00000b2d  LCD_CMD                       
00000b73  LCD_INIT                      
00000bcb  LCD_WRITE                     
00000c09  Clear_LCD                     
00000c13  Home_LCD                      
00000c1d  Write_char_LCD                
00000c5b  Write_string_LCD              
00000c99  __aeabi_ddiv                  
00000dd1  set_dco                       
00000e87  delay_ms                      
00000edb  delay_us                      
00000f05  main                          
00001021  __aeabi_memcpy                
00001021  __aeabi_memcpy4               
00001021  __aeabi_memcpy8               
00001021  memcpy                        
000010bd  __aeabi_cdcmpeq               
000010bd  __aeabi_cdcmple               
00001143  __TI_decompress_lzss          
000011ab  __aeabi_d2iz                  
000011f5  __TI_auto_init_nobinit_nopinit
00001239  _c_int00_noargs               
00001271  __aeabi_i2d                   
0000129f  __TI_zero_init_nomemset       
000012b1  __TI_decompress_none          
000012bf  Reset_Handler                 
000012cb  ADC14_IRQHandler              
000012cb  AES256_IRQHandler             
000012cb  BusFault_Handler              
000012cb  COMP_E0_IRQHandler            
000012cb  COMP_E1_IRQHandler            
000012cb  CS_IRQHandler                 
000012cb  DMA_ERR_IRQHandler            
000012cb  DMA_INT0_IRQHandler           
000012cb  DMA_INT1_IRQHandler           
000012cb  DMA_INT2_IRQHandler           
000012cb  DMA_INT3_IRQHandler           
000012cb  DebugMon_Handler              
000012cb  Default_Handler               
000012cb  EUSCIA0_IRQHandler            
000012cb  EUSCIA1_IRQHandler            
000012cb  EUSCIA2_IRQHandler            
000012cb  EUSCIA3_IRQHandler            
000012cb  EUSCIB0_IRQHandler            
000012cb  EUSCIB1_IRQHandler            
000012cb  EUSCIB2_IRQHandler            
000012cb  EUSCIB3_IRQHandler            
000012cb  FLCTL_IRQHandler              
000012cb  FPU_IRQHandler                
000012cb  HardFault_Handler             
000012cb  MemManage_Handler             
000012cb  NMI_Handler                   
000012cb  PCM_IRQHandler                
000012cb  PORT1_IRQHandler              
000012cb  PORT2_IRQHandler              
000012cb  PORT3_IRQHandler              
000012cb  PORT4_IRQHandler              
000012cb  PORT5_IRQHandler              
000012cb  PORT6_IRQHandler              
000012cb  PSS_IRQHandler                
000012cb  PendSV_Handler                
000012cb  RTC_C_IRQHandler              
000012cb  SVC_Handler                   
000012cb  SysTick_Handler               
000012cb  T32_INT1_IRQHandler           
000012cb  T32_INT2_IRQHandler           
000012cb  T32_INTC_IRQHandler           
000012cb  TA0_0_IRQHandler              
000012cb  TA0_N_IRQHandler              
000012cb  TA1_0_IRQHandler              
000012cb  TA1_N_IRQHandler              
000012cb  TA2_0_IRQHandler              
000012cb  TA2_N_IRQHandler              
000012cb  TA3_0_IRQHandler              
000012cb  TA3_N_IRQHandler              
000012cb  UsageFault_Handler            
000012cb  WDT_A_IRQHandler              
000012cd  _system_pre_init              
000012d1  C$$EXIT                       
000012d1  abort                         
000012d8  __TI_Handler_Table_Base       
000012e4  __TI_Handler_Table_Limit      
000012f8  __TI_CINIT_Base               
00001308  __TI_CINIT_Limit              
20000000  ammoCount                     
20000004  SystemCoreClock               
2000fe00  __stack                       
20010000  __STACK_END                   
4000480c  WDTCTL_SYM                    
ffffffff  __TI_pprof_out_hndl           
ffffffff  __TI_prof_data_size           
ffffffff  __TI_prof_data_start          
ffffffff  __binit__                     
ffffffff  __c_args__                    
ffffffff  binit                         
UNDEFED   __mpu_init                    
UNDEFED   _system_post_cinit            

[115 symbols]
