******************************************************************************
                  TI ARM Linker Unix v18.1.1                   
******************************************************************************
>> Linked Tue Jun  5 12:34:57 2018

OUTPUT FILE NAME:   <cpe329_final_project.out>
ENTRY POINT SYMBOL: "_c_int00_noargs"  address: 00001539


MEMORY CONFIGURATION

         name            origin    length      used     unused   attr    fill
----------------------  --------  ---------  --------  --------  ----  --------
  MAIN                  00000000   00040000  00001614  0003e9ec  R  X
  INFO                  00200000   00004000  00000000  00004000  R  X
  SRAM_CODE             01000000   00010000  00000218  0000fde8  RW X
  SRAM_DATA             20000000   00010000  00000218  0000fde8  RW  


SEGMENT ALLOCATION MAP

run origin  load origin   length   init length attrs members
----------  ----------- ---------- ----------- ----- -------
00000000    00000000    00001618   00001618    r-x
  00000000    00000000    000000e4   000000e4    r-- .intvecs
  000000e4    000000e4    000014f0   000014f0    r-x .text
  000015d8    000015d8    00000040   00000040    r-- .cinit
20000000    20000000    00000018   00000000    rw-
  20000000    20000000    00000014   00000000    rw- .data
  20000014    20000014    00000004   00000000    rw- .bss
2000fe00    2000fe00    00000200   00000000    rw-
  2000fe00    2000fe00    00000200   00000000    rw- .stack


SECTION ALLOCATION MAP

 output                                  attributes/
section   page    origin      length       input sections
--------  ----  ----------  ----------   ----------------
.intvecs   0    00000000    000000e4     
                  00000000    000000e4     startup_msp432p401r_ccs.obj (.intvecs:retain)

.text      0    000000e4    000014f0     
                  000000e4    000004d0     main.obj (.text)
                  000005b4    00000478     keypad.obj (.text)
                  00000a2c    00000354     turret.obj (.text)
                  00000d80    00000334     system_msp432p401r.obj (.text)
                  000010b4    00000136     rtsv7M4_T_le_v4SPD16_eabi.lib : fd_div_t2.asm.obj (.text)
                  000011ea    00000002     --HOLE-- [fill = 0]
                  000011ec    00000134     delay.obj (.text)
                  00001320    0000009c     rtsv7M4_T_le_v4SPD16_eabi.lib : memcpy_t2.asm.obj (.text)
                  000013bc    00000086                                   : fd_cmp_t2.asm.obj (.text:__aeabi_cdcmple)
                  00001442    00000068                                   : copy_decompress_lzss.c.obj (.text:decompress:lzss:__TI_decompress_lzss)
                  000014aa    00000048                                   : fd_toi_t2.asm.obj (.text)
                  000014f2    00000002     --HOLE-- [fill = 0]
                  000014f4    00000044                                   : autoinit.c.obj (.text:__TI_auto_init_nobinit_nopinit:__TI_auto_init_nobinit_nopinit)
                  00001538    00000038                                   : boot_cortex_m.c.obj (.text:_c_int00_noargs:_c_int00_noargs)
                  00001570    0000002e                                   : i_tofd_t2.asm.obj (.text)
                  0000159e    00000012                                   : copy_zero_init.c.obj (.text:decompress:ZI:__TI_zero_init_nomemset:__TI_zero_init_nomemset)
                  000015b0    0000000e                                   : copy_decompress_none.c.obj (.text:decompress:none:__TI_decompress_none)
                  000015be    0000000e     startup_msp432p401r_ccs.obj (.text)
                  000015cc    00000004     rtsv7M4_T_le_v4SPD16_eabi.lib : pre_init.c.obj (.text:_system_pre_init)
                  000015d0    00000004                                   : exit.c.obj (.text:abort:abort)

.cinit     0    000015d8    00000040     
                  000015d8    0000001a     (.cinit..data.load) [load image, compression = lzss]
                  000015f2    00000002     --HOLE-- [fill = 0]
                  000015f4    0000000c     (__TI_handler_table)
                  00001600    00000008     (.cinit..bss.load) [load image, compression = zero_init]
                  00001608    00000010     (__TI_cinit_table)

.init_array 
*          0    00000000    00000000     UNINITIALIZED

.binit     0    00000000    00000000     

.data      0    20000000    00000014     UNINITIALIZED
                  20000000    00000010     main.obj (.data:hexTable)
                  20000010    00000004     system_msp432p401r.obj (.data)

.bss       0    20000014    00000004     UNINITIALIZED
                  20000014    00000004     (.common:ammoCount)

.stack     0    2000fe00    00000200     UNINITIALIZED
                  2000fe00    00000004     rtsv7M4_T_le_v4SPD16_eabi.lib : boot_cortex_m.c.obj (.stack)
                  2000fe04    000001fc     --HOLE--

MODULE SUMMARY

       Module                        code   ro data   rw data
       ------                        ----   -------   -------
    ./
       main.obj                      1232   0         40     
       keypad.obj                    1144   0         0      
       turret.obj                    852    0         0      
       system_msp432p401r.obj        820    0         8      
       delay.obj                     308    0         0      
       startup_msp432p401r_ccs.obj   14     228       0      
    +--+-----------------------------+------+---------+---------+
       Total:                        4370   228       48     
                                                             
    /Applications/ti/ccsv8/tools/compiler/ti-cgt-arm_18.1.1.LTS/lib/rtsv7M4_T_le_v4SPD16_eabi.lib
       fd_div_t2.asm.obj             310    0         0      
       memcpy_t2.asm.obj             156    0         0      
       fd_cmp_t2.asm.obj             134    0         0      
       copy_decompress_lzss.c.obj    104    0         0      
       fd_toi_t2.asm.obj             72     0         0      
       autoinit.c.obj                68     0         0      
       boot_cortex_m.c.obj           56     0         0      
       i_tofd_t2.asm.obj             46     0         0      
       copy_zero_init.c.obj          18     0         0      
       copy_decompress_none.c.obj    14     0         0      
       exit.c.obj                    4      0         0      
       pre_init.c.obj                4      0         0      
    +--+-----------------------------+------+---------+---------+
       Total:                        986    0         0      
                                                             
       Stack:                        0      0         1024   
       Linker Generated:             0      62        0      
    +--+-----------------------------+------+---------+---------+
       Grand Total:                  5356   290       1072   


LINKER GENERATED COPY TABLES

__TI_cinit_table @ 00001608 records: 2, size/record: 8, table size: 16
	.data: load addr=000015d8, load size=0000001a bytes, run addr=20000000, run size=00000014 bytes, compression=lzss
	.bss: load addr=00001600, load size=00000008 bytes, run addr=20000014, run size=00000004 bytes, compression=zero_init


LINKER GENERATED HANDLER TABLE

__TI_handler_table @ 000015f4 records: 3, size/record: 4, table size: 12
	index: 0, handler: __TI_decompress_lzss
	index: 1, handler: __TI_decompress_none
	index: 2, handler: __TI_zero_init


GLOBAL SYMBOLS: SORTED ALPHABETICALLY BY Name 

address   name                          
-------   ----                          
000015cb  ADC14_IRQHandler              
000015cb  AES256_IRQHandler             
000015cb  BusFault_Handler              
000015d1  C$$EXIT                       
000015cb  COMP_E0_IRQHandler            
000015cb  COMP_E1_IRQHandler            
000015cb  CS_IRQHandler                 
000006b1  Clear_LCD                     
000015cb  DMA_ERR_IRQHandler            
000015cb  DMA_INT0_IRQHandler           
000015cb  DMA_INT1_IRQHandler           
000015cb  DMA_INT2_IRQHandler           
000015cb  DMA_INT3_IRQHandler           
000015cb  DebugMon_Handler              
000015cb  Default_Handler               
000015cb  EUSCIA0_IRQHandler            
000015cb  EUSCIA1_IRQHandler            
000015cb  EUSCIA2_IRQHandler            
000015cb  EUSCIA3_IRQHandler            
000015cb  EUSCIB0_IRQHandler            
000015cb  EUSCIB1_IRQHandler            
000015cb  EUSCIB2_IRQHandler            
000015cb  EUSCIB3_IRQHandler            
000015cb  FLCTL_IRQHandler              
000015cb  FPU_IRQHandler                
000015cb  HardFault_Handler             
000006bb  Home_LCD                      
000005d5  LCD_CMD                       
0000061b  LCD_INIT                      
00000b5b  LCD_Keypad_init               
00000673  LCD_WRITE                     
00000b97  LCD_ammo_prompt               
00000ccf  LCD_display_ammo_count        
000015cb  MemManage_Handler             
000015cb  NMI_Handler                   
000015cb  PCM_IRQHandler                
000015cb  PORT1_IRQHandler              
000015cb  PORT2_IRQHandler              
000015cb  PORT3_IRQHandler              
000015cb  PORT4_IRQHandler              
000015cb  PORT5_IRQHandler              
000015cb  PORT6_IRQHandler              
000015cb  PSS_IRQHandler                
000015cb  PendSV_Handler                
000015cb  RTC_C_IRQHandler              
000015bf  Reset_Handler                 
000015cb  SVC_Handler                   
000015cb  SysTick_Handler               
20000010  SystemCoreClock               
00000d81  SystemCoreClockUpdate         
00000ff9  SystemInit                    
000015cb  T32_INT1_IRQHandler           
000015cb  T32_INT2_IRQHandler           
000015cb  T32_INTC_IRQHandler           
000015cb  TA0_0_IRQHandler              
000015cb  TA0_N_IRQHandler              
000015cb  TA1_0_IRQHandler              
000015cb  TA1_N_IRQHandler              
000015cb  TA2_0_IRQHandler              
000015cb  TA2_N_IRQHandler              
000015cb  TA3_0_IRQHandler              
000015cb  TA3_N_IRQHandler              
000015cb  UsageFault_Handler            
4000480c  WDTCTL_SYM                    
000015cb  WDT_A_IRQHandler              
000006c5  Write_char_LCD                
00000703  Write_string_LCD              
20010000  __STACK_END                   
00000200  __STACK_SIZE                  
00001608  __TI_CINIT_Base               
00001618  __TI_CINIT_Limit              
000015f4  __TI_Handler_Table_Base       
00001600  __TI_Handler_Table_Limit      
000014f5  __TI_auto_init_nobinit_nopinit
00001443  __TI_decompress_lzss          
000015b1  __TI_decompress_none          
ffffffff  __TI_pprof_out_hndl           
ffffffff  __TI_prof_data_size           
ffffffff  __TI_prof_data_start          
00000000  __TI_static_base__            
0000159f  __TI_zero_init_nomemset       
000013bd  __aeabi_cdcmpeq               
000013bd  __aeabi_cdcmple               
000014ab  __aeabi_d2iz                  
000010b5  __aeabi_ddiv                  
00001571  __aeabi_i2d                   
00001321  __aeabi_memcpy                
00001321  __aeabi_memcpy4               
00001321  __aeabi_memcpy8               
ffffffff  __binit__                     
ffffffff  __c_args__                    
UNDEFED   __mpu_init                    
2000fe00  __stack                       
00001539  _c_int00_noargs               
UNDEFED   _system_post_cinit            
000015cd  _system_pre_init              
000015d1  abort                         
20000014  ammoCount                     
ffffffff  binit                         
00000269  clear_screen                  
00000ba5  convert_ammo_string_to_int    
000012a3  delay_ms                      
000012f7  delay_us                      
00000841  displayAndLight               
0000031b  erase_line                    
000003b9  getDistance                   
00000721  get_pin                       
20000000  hexTable                      
00000000  interruptVectors              
0000043d  main                          
00001321  memcpy                        
00000a75  motor_off                     
00000a55  motor_on                      
000002b5  print_int32                   
00000297  print_string                  
00000a2d  pull_trigger                  
00000c11  reload_turret                 
00000391  sensor_init                   
00000337  set_color                     
00000151  set_cursor                    
000011ed  set_dco                       
00000a95  turret_init                   
000000e5  uart_init                     
0000012d  write_to_terminal             


GLOBAL SYMBOLS: SORTED BY Symbol Address 

address   name                          
-------   ----                          
00000000  __TI_static_base__            
00000000  interruptVectors              
000000e5  uart_init                     
0000012d  write_to_terminal             
00000151  set_cursor                    
00000200  __STACK_SIZE                  
00000269  clear_screen                  
00000297  print_string                  
000002b5  print_int32                   
0000031b  erase_line                    
00000337  set_color                     
00000391  sensor_init                   
000003b9  getDistance                   
0000043d  main                          
000005d5  LCD_CMD                       
0000061b  LCD_INIT                      
00000673  LCD_WRITE                     
000006b1  Clear_LCD                     
000006bb  Home_LCD                      
000006c5  Write_char_LCD                
00000703  Write_string_LCD              
00000721  get_pin                       
00000841  displayAndLight               
00000a2d  pull_trigger                  
00000a55  motor_on                      
00000a75  motor_off                     
00000a95  turret_init                   
00000b5b  LCD_Keypad_init               
00000b97  LCD_ammo_prompt               
00000ba5  convert_ammo_string_to_int    
00000c11  reload_turret                 
00000ccf  LCD_display_ammo_count        
00000d81  SystemCoreClockUpdate         
00000ff9  SystemInit                    
000010b5  __aeabi_ddiv                  
000011ed  set_dco                       
000012a3  delay_ms                      
000012f7  delay_us                      
00001321  __aeabi_memcpy                
00001321  __aeabi_memcpy4               
00001321  __aeabi_memcpy8               
00001321  memcpy                        
000013bd  __aeabi_cdcmpeq               
000013bd  __aeabi_cdcmple               
00001443  __TI_decompress_lzss          
000014ab  __aeabi_d2iz                  
000014f5  __TI_auto_init_nobinit_nopinit
00001539  _c_int00_noargs               
00001571  __aeabi_i2d                   
0000159f  __TI_zero_init_nomemset       
000015b1  __TI_decompress_none          
000015bf  Reset_Handler                 
000015cb  ADC14_IRQHandler              
000015cb  AES256_IRQHandler             
000015cb  BusFault_Handler              
000015cb  COMP_E0_IRQHandler            
000015cb  COMP_E1_IRQHandler            
000015cb  CS_IRQHandler                 
000015cb  DMA_ERR_IRQHandler            
000015cb  DMA_INT0_IRQHandler           
000015cb  DMA_INT1_IRQHandler           
000015cb  DMA_INT2_IRQHandler           
000015cb  DMA_INT3_IRQHandler           
000015cb  DebugMon_Handler              
000015cb  Default_Handler               
000015cb  EUSCIA0_IRQHandler            
000015cb  EUSCIA1_IRQHandler            
000015cb  EUSCIA2_IRQHandler            
000015cb  EUSCIA3_IRQHandler            
000015cb  EUSCIB0_IRQHandler            
000015cb  EUSCIB1_IRQHandler            
000015cb  EUSCIB2_IRQHandler            
000015cb  EUSCIB3_IRQHandler            
000015cb  FLCTL_IRQHandler              
000015cb  FPU_IRQHandler                
000015cb  HardFault_Handler             
000015cb  MemManage_Handler             
000015cb  NMI_Handler                   
000015cb  PCM_IRQHandler                
000015cb  PORT1_IRQHandler              
000015cb  PORT2_IRQHandler              
000015cb  PORT3_IRQHandler              
000015cb  PORT4_IRQHandler              
000015cb  PORT5_IRQHandler              
000015cb  PORT6_IRQHandler              
000015cb  PSS_IRQHandler                
000015cb  PendSV_Handler                
000015cb  RTC_C_IRQHandler              
000015cb  SVC_Handler                   
000015cb  SysTick_Handler               
000015cb  T32_INT1_IRQHandler           
000015cb  T32_INT2_IRQHandler           
000015cb  T32_INTC_IRQHandler           
000015cb  TA0_0_IRQHandler              
000015cb  TA0_N_IRQHandler              
000015cb  TA1_0_IRQHandler              
000015cb  TA1_N_IRQHandler              
000015cb  TA2_0_IRQHandler              
000015cb  TA2_N_IRQHandler              
000015cb  TA3_0_IRQHandler              
000015cb  TA3_N_IRQHandler              
000015cb  UsageFault_Handler            
000015cb  WDT_A_IRQHandler              
000015cd  _system_pre_init              
000015d1  C$$EXIT                       
000015d1  abort                         
000015f4  __TI_Handler_Table_Base       
00001600  __TI_Handler_Table_Limit      
00001608  __TI_CINIT_Base               
00001618  __TI_CINIT_Limit              
20000000  hexTable                      
20000010  SystemCoreClock               
20000014  ammoCount                     
2000fe00  __stack                       
20010000  __STACK_END                   
4000480c  WDTCTL_SYM                    
ffffffff  __TI_pprof_out_hndl           
ffffffff  __TI_prof_data_size           
ffffffff  __TI_prof_data_start          
ffffffff  __binit__                     
ffffffff  __c_args__                    
ffffffff  binit                         
UNDEFED   __mpu_init                    
UNDEFED   _system_post_cinit            

[124 symbols]
