******************************************************************************
                  TI ARM Linker Unix v18.1.1                   
******************************************************************************
>> Linked Mon May  7 13:45:18 2018

OUTPUT FILE NAME:   <cpe329_project2.out>
ENTRY POINT SYMBOL: "_c_int00_noargs"  address: 00002779


MEMORY CONFIGURATION

         name            origin    length      used     unused   attr    fill
----------------------  --------  ---------  --------  --------  ----  --------
  MAIN                  00000000   00040000  00002a64  0003d59c  R  X
  INFO                  00200000   00004000  00000000  00004000  R  X
  SRAM_CODE             01000000   00010000  0000062d  0000f9d3  RW X
  SRAM_DATA             20000000   00010000  0000062d  0000f9d3  RW  


SEGMENT ALLOCATION MAP

run origin  load origin   length   init length attrs members
----------  ----------- ---------- ----------- ----- -------
00000000    00000000    00002a68   00002a68    r-x
  00000000    00000000    000000e4   000000e4    r-- .intvecs
  000000e4    000000e4    000027e8   000027e8    r-x .text
  000028d0    000028d0    00000158   00000158    r-- .const
  00002a28    00002a28    00000040   00000040    r-- .cinit
20000000    20000000    0000042d   00000000    rw-
  20000000    20000000    00000400   00000000    rw- .sysmem
  20000400    20000400    0000001c   00000000    rw- .data
  2000041c    2000041c    00000011   00000000    rw- .bss
2000fe00    2000fe00    00000200   00000000    rw-
  2000fe00    2000fe00    00000200   00000000    rw- .stack


SECTION ALLOCATION MAP

 output                                  attributes/
section   page    origin      length       input sections
--------  ----  ----------  ----------   ----------------
.intvecs   0    00000000    000000e4     
                  00000000    000000e4     startup_msp432p401r_ccs.obj (.intvecs:retain)

.text      0    000000e4    000027e8     
                  000000e4    00000738     rtsv7M4_T_le_v4SPD16_eabi.lib : k_rem_pio2.c.obj (.text:__kernel_rem_pio2)
                  0000081c    000005c4                                   : s_sin.c.obj (.text:sin)
                  00000de0    000005b0     main.obj (.text)
                  00001390    00000334     system_msp432p401r.obj (.text)
                  000016c4    00000214     keypad.obj (.text)
                  000018d8    000001b6     rtsv7M4_T_le_v4SPD16_eabi.lib : fd_add_t2.asm.obj (.text)
                  00001a8e    00000002                                   : _lock.c.obj (.text:_nop)
                  00001a90    00000174                                   : k_sin.c.obj (.text:__kernel_sin)
                  00001c04    0000016c                                   : k_cos.c.obj (.text:__kernel_cos)
                  00001d70    00000136                                   : fd_div_t2.asm.obj (.text)
                  00001ea6    00000002     --HOLE-- [fill = 0]
                  00001ea8    00000134     delay.obj (.text)
                  00001fdc    00000110     rtsv7M4_T_le_v4SPD16_eabi.lib : s_scalbn.c.obj (.text:scalbn)
                  000020ec    000000fc                                   : fd_mul_t2.asm.obj (.text)
                  000021e8    000000f8                                   : s_floor.c.obj (.text:floor)
                  000022e0    000000d8                                   : memory.c.obj (.text:free)
                  000023b8    0000009c                                   : memcpy_t2.asm.obj (.text)
                  00002454    00000086                                   : fd_cmp_t2.asm.obj (.text:__aeabi_cdcmple)
                  000024da    00000086                                   : fd_cmp_t2.asm.obj (.text:__aeabi_cdrcmple)
                  00002560    00000078                                   : memory.c.obj (.text:malloc)
                  000025d8    0000006e                                   : fd_tos_t2.asm.obj (.text)
                  00002646    00000068                                   : copy_decompress_lzss.c.obj (.text:decompress:lzss:__TI_decompress_lzss)
                  000026ae    00000048                                   : fd_toi_t2.asm.obj (.text)
                  000026f6    00000002     --HOLE-- [fill = 0]
                  000026f8    00000044                                   : autoinit.c.obj (.text:__TI_auto_init_nobinit_nopinit:__TI_auto_init_nobinit_nopinit)
                  0000273c    0000003c                                   : memory.c.obj (.text:minsert)
                  00002778    00000038                                   : boot_cortex_m.c.obj (.text:_c_int00_noargs:_c_int00_noargs)
                  000027b0    00000038                                   : memory.c.obj (.text:minit)
                  000027e8    00000038                                   : fs_tod_t2.asm.obj (.text)
                  00002820    0000002e                                   : i_tofd_t2.asm.obj (.text)
                  0000284e    00000002     --HOLE-- [fill = 0]
                  00002850    00000028                                   : memory.c.obj (.text:mremove)
                  00002878    00000014                                   : s_copysign.c.obj (.text:copysign)
                  0000288c    00000012                                   : copy_zero_init.c.obj (.text:decompress:ZI:__TI_zero_init_nomemset:__TI_zero_init_nomemset)
                  0000289e    0000000e                                   : copy_decompress_none.c.obj (.text:decompress:none:__TI_decompress_none)
                  000028ac    0000000e     startup_msp432p401r_ccs.obj (.text)
                  000028ba    00000002     --HOLE-- [fill = 0]
                  000028bc    00000008     rtsv7M4_T_le_v4SPD16_eabi.lib : errno.c.obj (.text:__aeabi_errno_addr)
                  000028c4    00000004                                   : pre_init.c.obj (.text:_system_pre_init)
                  000028c8    00000004                                   : exit.c.obj (.text:abort:abort)

.const     0    000028d0    00000158     
                  000028d0    00000158     rtsv7M4_T_le_v4SPD16_eabi.lib : k_rem_pio2.c.obj (.const:$O1$$)

.cinit     0    00002a28    00000040     
                  00002a28    00000018     (.cinit..data.load) [load image, compression = lzss]
                  00002a40    0000000c     (__TI_handler_table)
                  00002a4c    00000004     --HOLE-- [fill = 0]
                  00002a50    00000008     (.cinit..bss.load) [load image, compression = zero_init]
                  00002a58    00000010     (__TI_cinit_table)

.init_array 
*          0    00000000    00000000     UNINITIALIZED

.binit     0    00000000    00000000     

.sysmem    0    20000000    00000400     UNINITIALIZED
                  20000000    00000008     rtsv7M4_T_le_v4SPD16_eabi.lib : memory.c.obj (.sysmem)
                  20000008    000003f8     --HOLE--

.data      0    20000400    0000001c     UNINITIALIZED
                  20000400    0000000c     rtsv7M4_T_le_v4SPD16_eabi.lib : memory.c.obj (.data:$O1$$)
                  2000040c    00000008                                   : _lock.c.obj (.data:$O1$$)
                  20000414    00000004                                   : errno.c.obj (.data)
                  20000418    00000004     system_msp432p401r.obj (.data)

.bss       0    2000041c    00000011     UNINITIALIZED
                  2000041c    00000004     (.common:dutyCycle)
                  20000420    00000004     (.common:intervals)
                  20000424    00000004     (.common:table)
                  20000428    00000002     (.common:count)
                  2000042a    00000001     (.common:lock)
                  2000042b    00000001     (.common:mode)
                  2000042c    00000001     (.common:pinId)

.stack     0    2000fe00    00000200     UNINITIALIZED
                  2000fe00    00000004     rtsv7M4_T_le_v4SPD16_eabi.lib : boot_cortex_m.c.obj (.stack)
                  2000fe04    000001fc     --HOLE--

MODULE SUMMARY

       Module                        code    ro data   rw data
       ------                        ----    -------   -------
    ./
       main.obj                      1456    0         34     
       system_msp432p401r.obj        820     0         8      
       keypad.obj                    532     0         0      
       delay.obj                     308     0         0      
       startup_msp432p401r_ccs.obj   14      228       0      
    +--+-----------------------------+-------+---------+---------+
       Total:                        3130    228       42     
                                                              
    /Applications/ti/ccsv8/tools/compiler/ti-cgt-arm_18.1.1.LTS/lib/rtsv7M4_T_le_v4SPD16_eabi.lib
       k_rem_pio2.c.obj              1848    344       0      
       s_sin.c.obj                   1476    0         0      
       memory.c.obj                  492     0         24     
       fd_add_t2.asm.obj             438     0         0      
       k_sin.c.obj                   372     0         0      
       k_cos.c.obj                   364     0         0      
       fd_div_t2.asm.obj             310     0         0      
       s_scalbn.c.obj                272     0         0      
       fd_cmp_t2.asm.obj             268     0         0      
       fd_mul_t2.asm.obj             252     0         0      
       s_floor.c.obj                 248     0         0      
       memcpy_t2.asm.obj             156     0         0      
       fd_tos_t2.asm.obj             110     0         0      
       copy_decompress_lzss.c.obj    104     0         0      
       fd_toi_t2.asm.obj             72      0         0      
       autoinit.c.obj                68      0         0      
       boot_cortex_m.c.obj           56      0         0      
       fs_tod_t2.asm.obj             56      0         0      
       i_tofd_t2.asm.obj             46      0         0      
       s_copysign.c.obj              20      0         0      
       _lock.c.obj                   2       0         16     
       copy_zero_init.c.obj          18      0         0      
       errno.c.obj                   8       0         8      
       copy_decompress_none.c.obj    14      0         0      
       exit.c.obj                    4       0         0      
       pre_init.c.obj                4       0         0      
    +--+-----------------------------+-------+---------+---------+
       Total:                        7078    344       48     
                                                              
       Heap:                         0       0         2048   
       Stack:                        0       0         1024   
       Linker Generated:             0       60        0      
    +--+-----------------------------+-------+---------+---------+
       Grand Total:                  10208   632       3162   


LINKER GENERATED COPY TABLES

__TI_cinit_table @ 00002a58 records: 2, size/record: 8, table size: 16
	.data: load addr=00002a28, load size=00000018 bytes, run addr=20000400, run size=0000001c bytes, compression=lzss
	.bss: load addr=00002a50, load size=00000008 bytes, run addr=2000041c, run size=00000011 bytes, compression=zero_init


LINKER GENERATED HANDLER TABLE

__TI_handler_table @ 00002a40 records: 3, size/record: 4, table size: 12
	index: 0, handler: __TI_decompress_lzss
	index: 1, handler: __TI_decompress_none
	index: 2, handler: __TI_zero_init


GLOBAL SYMBOLS: SORTED ALPHABETICALLY BY Name 

address   name                          
-------   ----                          
000028b9  ADC14_IRQHandler              
000028b9  AES256_IRQHandler             
000028b9  BusFault_Handler              
000028c9  C$$EXIT                       
000028b9  COMP_E0_IRQHandler            
000028b9  COMP_E1_IRQHandler            
000028b9  CS_IRQHandler                 
000028b9  DMA_ERR_IRQHandler            
000028b9  DMA_INT0_IRQHandler           
000028b9  DMA_INT1_IRQHandler           
000028b9  DMA_INT2_IRQHandler           
000028b9  DMA_INT3_IRQHandler           
000028b9  DebugMon_Handler              
000028b9  Default_Handler               
000028b9  EUSCIA0_IRQHandler            
000028b9  EUSCIA1_IRQHandler            
000028b9  EUSCIA2_IRQHandler            
000028b9  EUSCIA3_IRQHandler            
000028b9  EUSCIB0_IRQHandler            
000028b9  EUSCIB1_IRQHandler            
000028b9  EUSCIB2_IRQHandler            
000028b9  EUSCIB3_IRQHandler            
000028b9  FLCTL_IRQHandler              
000028b9  FPU_IRQHandler                
000028b9  HardFault_Handler             
000028b9  MemManage_Handler             
000028b9  NMI_Handler                   
000028b9  PCM_IRQHandler                
000028b9  PORT1_IRQHandler              
000028b9  PORT2_IRQHandler              
000028b9  PORT3_IRQHandler              
000028b9  PORT4_IRQHandler              
000028b9  PORT5_IRQHandler              
000028b9  PORT6_IRQHandler              
000028b9  PSS_IRQHandler                
000028b9  PendSV_Handler                
000028b9  RTC_C_IRQHandler              
000028ad  Reset_Handler                 
000028b9  SVC_Handler                   
000028b9  SysTick_Handler               
20000418  SystemCoreClock               
00001391  SystemCoreClockUpdate         
00001609  SystemInit                    
000028b9  T32_INT1_IRQHandler           
000028b9  T32_INT2_IRQHandler           
000028b9  T32_INTC_IRQHandler           
00001139  TA0_0_IRQHandler              
00001139  TA0_0_IRQHandler              
000028b9  TA0_N_IRQHandler              
000028b9  TA1_0_IRQHandler              
000028b9  TA1_N_IRQHandler              
000028b9  TA2_0_IRQHandler              
000028b9  TA2_N_IRQHandler              
000028b9  TA3_0_IRQHandler              
000028b9  TA3_N_IRQHandler              
000028b9  UsageFault_Handler            
4000480c  WDTCTL_SYM                    
000028b9  WDT_A_IRQHandler              
20010000  __STACK_END                   
00000200  __STACK_SIZE                  
00000400  __SYSMEM_SIZE                 
00002a58  __TI_CINIT_Base               
00002a68  __TI_CINIT_Limit              
00002a40  __TI_Handler_Table_Base       
00002a4c  __TI_Handler_Table_Limit      
000026f9  __TI_auto_init_nobinit_nopinit
00002647  __TI_decompress_lzss          
0000289f  __TI_decompress_none          
ffffffff  __TI_pprof_out_hndl           
ffffffff  __TI_prof_data_size           
ffffffff  __TI_prof_data_start          
00000000  __TI_static_base__            
0000288d  __TI_zero_init_nomemset       
00002455  __aeabi_cdcmpeq               
00002455  __aeabi_cdcmple               
000024db  __aeabi_cdrcmple              
000025d9  __aeabi_d2f                   
000026af  __aeabi_d2iz                  
000018e3  __aeabi_dadd                  
00001d71  __aeabi_ddiv                  
000020ed  __aeabi_dmul                  
000018d9  __aeabi_dsub                  
000028bd  __aeabi_errno_addr            
000027e9  __aeabi_f2d                   
00002821  __aeabi_i2d                   
000023b9  __aeabi_memcpy                
000023b9  __aeabi_memcpy4               
000023b9  __aeabi_memcpy8               
ffffffff  __binit__                     
ffffffff  __c_args__                    
00001c05  __kernel_cos                  
000000e5  __kernel_rem_pio2             
00001a91  __kernel_sin                  
UNDEFED   __mpu_init                    
2000fe00  __stack                       
00002779  _c_int00_noargs               
2000040c  _lock                         
00001a8f  _nop                          
20000000  _sys_memory                   
UNDEFED   _system_post_cinit            
000028c5  _system_pre_init              
20000410  _unlock                       
000028c9  abort                         
ffffffff  binit                         
00000f97  changeWaveform                
00002879  copysign                      
00002879  copysignl                     
20000428  count                         
00001f5f  delay_ms                      
00001fb3  delay_us                      
000017c3  displayAndLight               
2000041c  dutyCycle                     
20000414  errno                         
000021e9  floor                         
000021e9  floorl                        
000022e1  free                          
000016c5  get_pin                       
00000f31  initSawtoothLookup            
00000e7f  initSinLookup                 
00000de1  initSquareLookup              
00000fc9  initSystem                    
00000000  interruptVectors              
20000420  intervals                     
00001fdd  ldexp                         
00001fdd  ldexpl                        
2000042a  lock                          
00000ff9  main                          
00002561  malloc                        
000023b9  memcpy                        
000027b1  minit                         
2000042b  mode                          
2000042c  pinId                         
00001fdd  scalbn                        
00001fdd  scalbnl                       
00001ea9  set_dco                       
0000081d  sin                           
0000081d  sinl                          
20000424  table                         


GLOBAL SYMBOLS: SORTED BY Symbol Address 

address   name                          
-------   ----                          
00000000  __TI_static_base__            
00000000  interruptVectors              
000000e5  __kernel_rem_pio2             
00000200  __STACK_SIZE                  
00000400  __SYSMEM_SIZE                 
0000081d  sin                           
0000081d  sinl                          
00000de1  initSquareLookup              
00000e7f  initSinLookup                 
00000f31  initSawtoothLookup            
00000f97  changeWaveform                
00000fc9  initSystem                    
00000ff9  main                          
00001139  TA0_0_IRQHandler              
00001139  TA0_0_IRQHandler              
00001391  SystemCoreClockUpdate         
00001609  SystemInit                    
000016c5  get_pin                       
000017c3  displayAndLight               
000018d9  __aeabi_dsub                  
000018e3  __aeabi_dadd                  
00001a8f  _nop                          
00001a91  __kernel_sin                  
00001c05  __kernel_cos                  
00001d71  __aeabi_ddiv                  
00001ea9  set_dco                       
00001f5f  delay_ms                      
00001fb3  delay_us                      
00001fdd  ldexp                         
00001fdd  ldexpl                        
00001fdd  scalbn                        
00001fdd  scalbnl                       
000020ed  __aeabi_dmul                  
000021e9  floor                         
000021e9  floorl                        
000022e1  free                          
000023b9  __aeabi_memcpy                
000023b9  __aeabi_memcpy4               
000023b9  __aeabi_memcpy8               
000023b9  memcpy                        
00002455  __aeabi_cdcmpeq               
00002455  __aeabi_cdcmple               
000024db  __aeabi_cdrcmple              
00002561  malloc                        
000025d9  __aeabi_d2f                   
00002647  __TI_decompress_lzss          
000026af  __aeabi_d2iz                  
000026f9  __TI_auto_init_nobinit_nopinit
00002779  _c_int00_noargs               
000027b1  minit                         
000027e9  __aeabi_f2d                   
00002821  __aeabi_i2d                   
00002879  copysign                      
00002879  copysignl                     
0000288d  __TI_zero_init_nomemset       
0000289f  __TI_decompress_none          
000028ad  Reset_Handler                 
000028b9  ADC14_IRQHandler              
000028b9  AES256_IRQHandler             
000028b9  BusFault_Handler              
000028b9  COMP_E0_IRQHandler            
000028b9  COMP_E1_IRQHandler            
000028b9  CS_IRQHandler                 
000028b9  DMA_ERR_IRQHandler            
000028b9  DMA_INT0_IRQHandler           
000028b9  DMA_INT1_IRQHandler           
000028b9  DMA_INT2_IRQHandler           
000028b9  DMA_INT3_IRQHandler           
000028b9  DebugMon_Handler              
000028b9  Default_Handler               
000028b9  EUSCIA0_IRQHandler            
000028b9  EUSCIA1_IRQHandler            
000028b9  EUSCIA2_IRQHandler            
000028b9  EUSCIA3_IRQHandler            
000028b9  EUSCIB0_IRQHandler            
000028b9  EUSCIB1_IRQHandler            
000028b9  EUSCIB2_IRQHandler            
000028b9  EUSCIB3_IRQHandler            
000028b9  FLCTL_IRQHandler              
000028b9  FPU_IRQHandler                
000028b9  HardFault_Handler             
000028b9  MemManage_Handler             
000028b9  NMI_Handler                   
000028b9  PCM_IRQHandler                
000028b9  PORT1_IRQHandler              
000028b9  PORT2_IRQHandler              
000028b9  PORT3_IRQHandler              
000028b9  PORT4_IRQHandler              
000028b9  PORT5_IRQHandler              
000028b9  PORT6_IRQHandler              
000028b9  PSS_IRQHandler                
000028b9  PendSV_Handler                
000028b9  RTC_C_IRQHandler              
000028b9  SVC_Handler                   
000028b9  SysTick_Handler               
000028b9  T32_INT1_IRQHandler           
000028b9  T32_INT2_IRQHandler           
000028b9  T32_INTC_IRQHandler           
000028b9  TA0_N_IRQHandler              
000028b9  TA1_0_IRQHandler              
000028b9  TA1_N_IRQHandler              
000028b9  TA2_0_IRQHandler              
000028b9  TA2_N_IRQHandler              
000028b9  TA3_0_IRQHandler              
000028b9  TA3_N_IRQHandler              
000028b9  UsageFault_Handler            
000028b9  WDT_A_IRQHandler              
000028bd  __aeabi_errno_addr            
000028c5  _system_pre_init              
000028c9  C$$EXIT                       
000028c9  abort                         
00002a40  __TI_Handler_Table_Base       
00002a4c  __TI_Handler_Table_Limit      
00002a58  __TI_CINIT_Base               
00002a68  __TI_CINIT_Limit              
20000000  _sys_memory                   
2000040c  _lock                         
20000410  _unlock                       
20000414  errno                         
20000418  SystemCoreClock               
2000041c  dutyCycle                     
20000420  intervals                     
20000424  table                         
20000428  count                         
2000042a  lock                          
2000042b  mode                          
2000042c  pinId                         
2000fe00  __stack                       
20010000  __STACK_END                   
4000480c  WDTCTL_SYM                    
ffffffff  __TI_pprof_out_hndl           
ffffffff  __TI_prof_data_size           
ffffffff  __TI_prof_data_start          
ffffffff  __binit__                     
ffffffff  __c_args__                    
ffffffff  binit                         
UNDEFED   __mpu_init                    
UNDEFED   _system_post_cinit            

[138 symbols]
