******************************************************************************
                  TI ARM Linker Unix v18.1.1                   
******************************************************************************
>> Linked Sun May  6 23:07:41 2018

OUTPUT FILE NAME:   <cpe329_project2.out>
ENTRY POINT SYMBOL: "_c_int00_noargs"  address: 00002651


MEMORY CONFIGURATION

         name            origin    length      used     unused   attr    fill
----------------------  --------  ---------  --------  --------  ----  --------
  MAIN                  00000000   00040000  00002950  0003d6b0  R  X
  INFO                  00200000   00004000  00000000  00004000  R  X
  SRAM_CODE             01000000   00010000  0000062c  0000f9d4  RW X
  SRAM_DATA             20000000   00010000  0000062c  0000f9d4  RW  


SEGMENT ALLOCATION MAP

run origin  load origin   length   init length attrs members
----------  ----------- ---------- ----------- ----- -------
00000000    00000000    00002958   00002958    r-x
  00000000    00000000    000000e4   000000e4    r-- .intvecs
  000000e4    000000e4    000026c0   000026c0    r-x .text
  000027a8    000027a8    0000016c   0000016c    r-- .const
  00002918    00002918    00000040   00000040    r-- .cinit
20000000    20000000    0000042c   00000000    rw-
  20000000    20000000    00000400   00000000    rw- .sysmem
  20000400    20000400    0000001c   00000000    rw- .data
  2000041c    2000041c    00000010   00000000    rw- .bss
2000fe00    2000fe00    00000200   00000000    rw-
  2000fe00    2000fe00    00000200   00000000    rw- .stack


SECTION ALLOCATION MAP

 output                                  attributes/
section   page    origin      length       input sections
--------  ----  ----------  ----------   ----------------
.intvecs   0    00000000    000000e4     
                  00000000    000000e4     startup_msp432p401r_ccs.obj (.intvecs:retain)

.text      0    000000e4    000026c0     
                  000000e4    00000738     rtsv7M4_T_le_v4SPD16_eabi.lib : k_rem_pio2.c.obj (.text:__kernel_rem_pio2)
                  0000081c    000005c4                                   : s_sin.c.obj (.text:sin)
                  00000de0    00000560     main.obj (.text)
                  00001340    00000334     system_msp432p401r.obj (.text)
                  00001674    00000214     keypad.obj (.text)
                  00001888    000001b6     rtsv7M4_T_le_v4SPD16_eabi.lib : fd_add_t2.asm.obj (.text)
                  00001a3e    00000002                                   : _lock.c.obj (.text:_nop)
                  00001a40    00000174                                   : k_sin.c.obj (.text:__kernel_sin)
                  00001bb4    0000016c                                   : k_cos.c.obj (.text:__kernel_cos)
                  00001d20    00000136                                   : fd_div_t2.asm.obj (.text)
                  00001e56    00000002     --HOLE-- [fill = 0]
                  00001e58    00000134     delay.obj (.text)
                  00001f8c    00000110     rtsv7M4_T_le_v4SPD16_eabi.lib : s_scalbn.c.obj (.text:scalbn)
                  0000209c    000000fc                                   : fd_mul_t2.asm.obj (.text)
                  00002198    000000f8                                   : s_floor.c.obj (.text:floor)
                  00002290    0000009c                                   : memcpy_t2.asm.obj (.text)
                  0000232c    00000086                                   : fd_cmp_t2.asm.obj (.text:__aeabi_cdcmple)
                  000023b2    00000086                                   : fd_cmp_t2.asm.obj (.text:__aeabi_cdrcmple)
                  00002438    00000078                                   : memory.c.obj (.text:malloc)
                  000024b0    0000006e                                   : fd_tos_t2.asm.obj (.text)
                  0000251e    00000068                                   : copy_decompress_lzss.c.obj (.text:decompress:lzss:__TI_decompress_lzss)
                  00002586    00000048                                   : fd_toi_t2.asm.obj (.text)
                  000025ce    00000002     --HOLE-- [fill = 0]
                  000025d0    00000044                                   : autoinit.c.obj (.text:__TI_auto_init_nobinit_nopinit:__TI_auto_init_nobinit_nopinit)
                  00002614    0000003c                                   : memory.c.obj (.text:minsert)
                  00002650    00000038                                   : boot_cortex_m.c.obj (.text:_c_int00_noargs:_c_int00_noargs)
                  00002688    00000038                                   : memory.c.obj (.text:minit)
                  000026c0    00000038                                   : fs_tod_t2.asm.obj (.text)
                  000026f8    0000002e                                   : i_tofd_t2.asm.obj (.text)
                  00002726    00000002     --HOLE-- [fill = 0]
                  00002728    00000028                                   : memory.c.obj (.text:mremove)
                  00002750    00000014                                   : s_copysign.c.obj (.text:copysign)
                  00002764    00000012                                   : copy_zero_init.c.obj (.text:decompress:ZI:__TI_zero_init_nomemset:__TI_zero_init_nomemset)
                  00002776    0000000e                                   : copy_decompress_none.c.obj (.text:decompress:none:__TI_decompress_none)
                  00002784    0000000e     startup_msp432p401r_ccs.obj (.text)
                  00002792    00000002     --HOLE-- [fill = 0]
                  00002794    00000008     rtsv7M4_T_le_v4SPD16_eabi.lib : errno.c.obj (.text:__aeabi_errno_addr)
                  0000279c    00000004                                   : pre_init.c.obj (.text:_system_pre_init)
                  000027a0    00000004                                   : exit.c.obj (.text:abort:abort)

.const     0    000027a8    0000016c     
                  000027a8    00000158     rtsv7M4_T_le_v4SPD16_eabi.lib : k_rem_pio2.c.obj (.const:$O1$$)
                  00002900    00000014     main.obj (.const:cycles)

.cinit     0    00002918    00000040     
                  00002918    00000018     (.cinit..data.load) [load image, compression = lzss]
                  00002930    0000000c     (__TI_handler_table)
                  0000293c    00000004     --HOLE-- [fill = 0]
                  00002940    00000008     (.cinit..bss.load) [load image, compression = zero_init]
                  00002948    00000010     (__TI_cinit_table)

.init_array 
*          0    00000000    00000000     UNINITIALIZED

.binit     0    00000000    00000000     

.sysmem    0    20000000    00000400     UNINITIALIZED
                  20000000    00000008     rtsv7M4_T_le_v4SPD16_eabi.lib : memory.c.obj (.sysmem)
                  20000008    000003f8     --HOLE--

.data      0    20000400    0000001c     UNINITIALIZED
                  20000400    0000000c     rtsv7M4_T_le_v4SPD16_eabi.lib : memory.c.obj (.data:$O1$$)
                  2000040c    00000008                                   : _lock.c.obj (.data:$O1$$)
                  20000414    00000004                                   : errno.c.obj (.data)
                  20000418    00000004     system_msp432p401r.obj (.data)

.bss       0    2000041c    00000010     UNINITIALIZED
                  2000041c    00000004     (.common:dutyCycle)
                  20000420    00000004     (.common:intervals)
                  20000424    00000004     (.common:table)
                  20000428    00000002     (.common:count)
                  2000042a    00000001     (.common:mode)
                  2000042b    00000001     (.common:pinId)

.stack     0    2000fe00    00000200     UNINITIALIZED
                  2000fe00    00000004     rtsv7M4_T_le_v4SPD16_eabi.lib : boot_cortex_m.c.obj (.stack)
                  2000fe04    000001fc     --HOLE--

MODULE SUMMARY

       Module                        code   ro data   rw data
       ------                        ----   -------   -------
    ./
       main.obj                      1376   20        32     
       system_msp432p401r.obj        820    0         8      
       keypad.obj                    532    0         0      
       delay.obj                     308    0         0      
       startup_msp432p401r_ccs.obj   14     228       0      
    +--+-----------------------------+------+---------+---------+
       Total:                        3050   248       40     
                                                             
    /Applications/ti/ccsv8/tools/compiler/ti-cgt-arm_18.1.1.LTS/lib/rtsv7M4_T_le_v4SPD16_eabi.lib
       k_rem_pio2.c.obj              1848   344       0      
       s_sin.c.obj                   1476   0         0      
       fd_add_t2.asm.obj             438    0         0      
       k_sin.c.obj                   372    0         0      
       k_cos.c.obj                   364    0         0      
       fd_div_t2.asm.obj             310    0         0      
       memory.c.obj                  276    0         24     
       s_scalbn.c.obj                272    0         0      
       fd_cmp_t2.asm.obj             268    0         0      
       fd_mul_t2.asm.obj             252    0         0      
       s_floor.c.obj                 248    0         0      
       memcpy_t2.asm.obj             156    0         0      
       fd_tos_t2.asm.obj             110    0         0      
       copy_decompress_lzss.c.obj    104    0         0      
       fd_toi_t2.asm.obj             72     0         0      
       autoinit.c.obj                68     0         0      
       boot_cortex_m.c.obj           56     0         0      
       fs_tod_t2.asm.obj             56     0         0      
       i_tofd_t2.asm.obj             46     0         0      
       s_copysign.c.obj              20     0         0      
       _lock.c.obj                   2      0         16     
       copy_zero_init.c.obj          18     0         0      
       errno.c.obj                   8      0         8      
       copy_decompress_none.c.obj    14     0         0      
       exit.c.obj                    4      0         0      
       pre_init.c.obj                4      0         0      
    +--+-----------------------------+------+---------+---------+
       Total:                        6862   344       48     
                                                             
       Heap:                         0      0         2048   
       Stack:                        0      0         1024   
       Linker Generated:             0      60        0      
    +--+-----------------------------+------+---------+---------+
       Grand Total:                  9912   652       3160   


LINKER GENERATED COPY TABLES

__TI_cinit_table @ 00002948 records: 2, size/record: 8, table size: 16
	.data: load addr=00002918, load size=00000018 bytes, run addr=20000400, run size=0000001c bytes, compression=lzss
	.bss: load addr=00002940, load size=00000008 bytes, run addr=2000041c, run size=00000010 bytes, compression=zero_init


LINKER GENERATED HANDLER TABLE

__TI_handler_table @ 00002930 records: 3, size/record: 4, table size: 12
	index: 0, handler: __TI_decompress_lzss
	index: 1, handler: __TI_decompress_none
	index: 2, handler: __TI_zero_init


GLOBAL SYMBOLS: SORTED ALPHABETICALLY BY Name 

address   name                          
-------   ----                          
00002791  ADC14_IRQHandler              
00002791  AES256_IRQHandler             
00002791  BusFault_Handler              
000027a1  C$$EXIT                       
00002791  COMP_E0_IRQHandler            
00002791  COMP_E1_IRQHandler            
00002791  CS_IRQHandler                 
00002791  DMA_ERR_IRQHandler            
00002791  DMA_INT0_IRQHandler           
00002791  DMA_INT1_IRQHandler           
00002791  DMA_INT2_IRQHandler           
00002791  DMA_INT3_IRQHandler           
00002791  DebugMon_Handler              
00002791  Default_Handler               
00002791  EUSCIA0_IRQHandler            
00002791  EUSCIA1_IRQHandler            
00002791  EUSCIA2_IRQHandler            
00002791  EUSCIA3_IRQHandler            
00002791  EUSCIB0_IRQHandler            
00002791  EUSCIB1_IRQHandler            
00002791  EUSCIB2_IRQHandler            
00002791  EUSCIB3_IRQHandler            
00002791  FLCTL_IRQHandler              
00002791  FPU_IRQHandler                
00002791  HardFault_Handler             
00002791  MemManage_Handler             
00002791  NMI_Handler                   
00002791  PCM_IRQHandler                
00002791  PORT1_IRQHandler              
00002791  PORT2_IRQHandler              
00002791  PORT3_IRQHandler              
00002791  PORT4_IRQHandler              
00002791  PORT5_IRQHandler              
00002791  PORT6_IRQHandler              
00002791  PSS_IRQHandler                
00002791  PendSV_Handler                
00002791  RTC_C_IRQHandler              
00002785  Reset_Handler                 
00002791  SVC_Handler                   
00002791  SysTick_Handler               
20000418  SystemCoreClock               
00001341  SystemCoreClockUpdate         
000015b9  SystemInit                    
00002791  T32_INT1_IRQHandler           
00002791  T32_INT2_IRQHandler           
00002791  T32_INTC_IRQHandler           
000010fd  TA0_0_IRQHandler              
000010fd  TA0_0_IRQHandler              
00002791  TA0_N_IRQHandler              
00002791  TA1_0_IRQHandler              
00002791  TA1_N_IRQHandler              
00002791  TA2_0_IRQHandler              
00002791  TA2_N_IRQHandler              
00002791  TA3_0_IRQHandler              
00002791  TA3_N_IRQHandler              
00002791  UsageFault_Handler            
4000480c  WDTCTL_SYM                    
00002791  WDT_A_IRQHandler              
20010000  __STACK_END                   
00000200  __STACK_SIZE                  
00000400  __SYSMEM_SIZE                 
00002948  __TI_CINIT_Base               
00002958  __TI_CINIT_Limit              
00002930  __TI_Handler_Table_Base       
0000293c  __TI_Handler_Table_Limit      
000025d1  __TI_auto_init_nobinit_nopinit
0000251f  __TI_decompress_lzss          
00002777  __TI_decompress_none          
ffffffff  __TI_pprof_out_hndl           
ffffffff  __TI_prof_data_size           
ffffffff  __TI_prof_data_start          
00000000  __TI_static_base__            
00002765  __TI_zero_init_nomemset       
0000232d  __aeabi_cdcmpeq               
0000232d  __aeabi_cdcmple               
000023b3  __aeabi_cdrcmple              
000024b1  __aeabi_d2f                   
00002587  __aeabi_d2iz                  
00001893  __aeabi_dadd                  
00001d21  __aeabi_ddiv                  
0000209d  __aeabi_dmul                  
00001889  __aeabi_dsub                  
00002795  __aeabi_errno_addr            
000026c1  __aeabi_f2d                   
000026f9  __aeabi_i2d                   
00002291  __aeabi_memcpy                
00002291  __aeabi_memcpy4               
00002291  __aeabi_memcpy8               
ffffffff  __binit__                     
ffffffff  __c_args__                    
00001bb5  __kernel_cos                  
000000e5  __kernel_rem_pio2             
00001a41  __kernel_sin                  
UNDEFED   __mpu_init                    
2000fe00  __stack                       
00002651  _c_int00_noargs               
2000040c  _lock                         
00001a3f  _nop                          
20000000  _sys_memory                   
UNDEFED   _system_post_cinit            
0000279d  _system_pre_init              
20000410  _unlock                       
000027a1  abort                         
ffffffff  binit                         
00000f99  changeWaveform                
00002751  copysign                      
00002751  copysignl                     
20000428  count                         
00002900  cycles                        
00001f0f  delay_ms                      
00001f63  delay_us                      
00001773  displayAndLight               
2000041c  dutyCycle                     
20000414  errno                         
00002199  floor                         
00002199  floorl                        
00001675  get_pin                       
00000f33  initSawtoothLookup            
00000e7f  initSinLookup                 
00000de1  initSquareLookup              
00000fc3  initSystem                    
00000000  interruptVectors              
20000420  intervals                     
00001f8d  ldexp                         
00001f8d  ldexpl                        
00000fe5  main                          
00002439  malloc                        
00002291  memcpy                        
00002689  minit                         
2000042a  mode                          
2000042b  pinId                         
00001f8d  scalbn                        
00001f8d  scalbnl                       
00001e59  set_dco                       
0000081d  sin                           
0000081d  sinl                          
20000424  table                         


GLOBAL SYMBOLS: SORTED BY Symbol Address 

address   name                          
-------   ----                          
00000000  __TI_static_base__            
00000000  interruptVectors              
000000e5  __kernel_rem_pio2             
00000200  __STACK_SIZE                  
00000400  __SYSMEM_SIZE                 
0000081d  sin                           
0000081d  sinl                          
00000de1  initSquareLookup              
00000e7f  initSinLookup                 
00000f33  initSawtoothLookup            
00000f99  changeWaveform                
00000fc3  initSystem                    
00000fe5  main                          
000010fd  TA0_0_IRQHandler              
000010fd  TA0_0_IRQHandler              
00001341  SystemCoreClockUpdate         
000015b9  SystemInit                    
00001675  get_pin                       
00001773  displayAndLight               
00001889  __aeabi_dsub                  
00001893  __aeabi_dadd                  
00001a3f  _nop                          
00001a41  __kernel_sin                  
00001bb5  __kernel_cos                  
00001d21  __aeabi_ddiv                  
00001e59  set_dco                       
00001f0f  delay_ms                      
00001f63  delay_us                      
00001f8d  ldexp                         
00001f8d  ldexpl                        
00001f8d  scalbn                        
00001f8d  scalbnl                       
0000209d  __aeabi_dmul                  
00002199  floor                         
00002199  floorl                        
00002291  __aeabi_memcpy                
00002291  __aeabi_memcpy4               
00002291  __aeabi_memcpy8               
00002291  memcpy                        
0000232d  __aeabi_cdcmpeq               
0000232d  __aeabi_cdcmple               
000023b3  __aeabi_cdrcmple              
00002439  malloc                        
000024b1  __aeabi_d2f                   
0000251f  __TI_decompress_lzss          
00002587  __aeabi_d2iz                  
000025d1  __TI_auto_init_nobinit_nopinit
00002651  _c_int00_noargs               
00002689  minit                         
000026c1  __aeabi_f2d                   
000026f9  __aeabi_i2d                   
00002751  copysign                      
00002751  copysignl                     
00002765  __TI_zero_init_nomemset       
00002777  __TI_decompress_none          
00002785  Reset_Handler                 
00002791  ADC14_IRQHandler              
00002791  AES256_IRQHandler             
00002791  BusFault_Handler              
00002791  COMP_E0_IRQHandler            
00002791  COMP_E1_IRQHandler            
00002791  CS_IRQHandler                 
00002791  DMA_ERR_IRQHandler            
00002791  DMA_INT0_IRQHandler           
00002791  DMA_INT1_IRQHandler           
00002791  DMA_INT2_IRQHandler           
00002791  DMA_INT3_IRQHandler           
00002791  DebugMon_Handler              
00002791  Default_Handler               
00002791  EUSCIA0_IRQHandler            
00002791  EUSCIA1_IRQHandler            
00002791  EUSCIA2_IRQHandler            
00002791  EUSCIA3_IRQHandler            
00002791  EUSCIB0_IRQHandler            
00002791  EUSCIB1_IRQHandler            
00002791  EUSCIB2_IRQHandler            
00002791  EUSCIB3_IRQHandler            
00002791  FLCTL_IRQHandler              
00002791  FPU_IRQHandler                
00002791  HardFault_Handler             
00002791  MemManage_Handler             
00002791  NMI_Handler                   
00002791  PCM_IRQHandler                
00002791  PORT1_IRQHandler              
00002791  PORT2_IRQHandler              
00002791  PORT3_IRQHandler              
00002791  PORT4_IRQHandler              
00002791  PORT5_IRQHandler              
00002791  PORT6_IRQHandler              
00002791  PSS_IRQHandler                
00002791  PendSV_Handler                
00002791  RTC_C_IRQHandler              
00002791  SVC_Handler                   
00002791  SysTick_Handler               
00002791  T32_INT1_IRQHandler           
00002791  T32_INT2_IRQHandler           
00002791  T32_INTC_IRQHandler           
00002791  TA0_N_IRQHandler              
00002791  TA1_0_IRQHandler              
00002791  TA1_N_IRQHandler              
00002791  TA2_0_IRQHandler              
00002791  TA2_N_IRQHandler              
00002791  TA3_0_IRQHandler              
00002791  TA3_N_IRQHandler              
00002791  UsageFault_Handler            
00002791  WDT_A_IRQHandler              
00002795  __aeabi_errno_addr            
0000279d  _system_pre_init              
000027a1  C$$EXIT                       
000027a1  abort                         
00002900  cycles                        
00002930  __TI_Handler_Table_Base       
0000293c  __TI_Handler_Table_Limit      
00002948  __TI_CINIT_Base               
00002958  __TI_CINIT_Limit              
20000000  _sys_memory                   
2000040c  _lock                         
20000410  _unlock                       
20000414  errno                         
20000418  SystemCoreClock               
2000041c  dutyCycle                     
20000420  intervals                     
20000424  table                         
20000428  count                         
2000042a  mode                          
2000042b  pinId                         
2000fe00  __stack                       
20010000  __STACK_END                   
4000480c  WDTCTL_SYM                    
ffffffff  __TI_pprof_out_hndl           
ffffffff  __TI_prof_data_size           
ffffffff  __TI_prof_data_start          
ffffffff  __binit__                     
ffffffff  __c_args__                    
ffffffff  binit                         
UNDEFED   __mpu_init                    
UNDEFED   _system_post_cinit            

[137 symbols]
