******************************************************************************
                  TI ARM Linker Unix v18.1.1                   
******************************************************************************
>> Linked Wed Apr 18 21:04:48 2018

OUTPUT FILE NAME:   <cpe329_asgn4.out>
ENTRY POINT SYMBOL: "_c_int00_noargs"  address: 00000d9d


MEMORY CONFIGURATION

         name            origin    length      used     unused   attr    fill
----------------------  --------  ---------  --------  --------  ----  --------
  MAIN                  00000000   00040000  00000e3e  0003f1c2  R  X
  INFO                  00200000   00004000  00000000  00004000  R  X
  SRAM_CODE             01000000   00010000  00000204  0000fdfc  RW X
  SRAM_DATA             20000000   00010000  00000204  0000fdfc  RW  


SEGMENT ALLOCATION MAP

run origin  load origin   length   init length attrs members
----------  ----------- ---------- ----------- ----- -------
00000000    00000000    00000e40   00000e40    r-x
  00000000    00000000    000000e4   000000e4    r-- .intvecs
  000000e4    000000e4    00000d42   00000d42    r-x .text
  00000e28    00000e28    00000018   00000018    r-- .cinit
20000000    20000000    00000004   00000000    rw-
  20000000    20000000    00000004   00000000    rw- .data
2000fe00    2000fe00    00000200   00000000    rw-
  2000fe00    2000fe00    00000200   00000000    rw- .stack


SECTION ALLOCATION MAP

 output                                  attributes/
section   page    origin      length       input sections
--------  ----  ----------  ----------   ----------------
.intvecs   0    00000000    000000e4     
                  00000000    000000e4     startup_msp432p401r_ccs.obj (.intvecs:retain)

.text      0    000000e4    00000d42     
                  000000e4    00000334     system_msp432p401r.obj (.text)
                  00000418    000002e8     keypad.obj (.text)
                  00000700    0000018c     LCD.obj (.text)
                  0000088c    00000136     rtsv7M4_T_le_v4SPD16_eabi.lib : fd_div_t2.asm.obj (.text)
                  000009c2    00000002     --HOLE-- [fill = 0]
                  000009c4    00000134     delay.obj (.text)
                  00000af8    0000009c     rtsv7M4_T_le_v4SPD16_eabi.lib : memcpy_t2.asm.obj (.text)
                  00000b94    0000008c     main.obj (.text)
                  00000c20    00000086     rtsv7M4_T_le_v4SPD16_eabi.lib : fd_cmp_t2.asm.obj (.text:__aeabi_cdcmple)
                  00000ca6    00000068                                   : copy_decompress_lzss.c.obj (.text:decompress:lzss:__TI_decompress_lzss)
                  00000d0e    00000048                                   : fd_toi_t2.asm.obj (.text)
                  00000d56    00000002     --HOLE-- [fill = 0]
                  00000d58    00000044                                   : autoinit.c.obj (.text:__TI_auto_init_nobinit_nopinit:__TI_auto_init_nobinit_nopinit)
                  00000d9c    00000038                                   : boot_cortex_m.c.obj (.text:_c_int00_noargs:_c_int00_noargs)
                  00000dd4    0000002e                                   : i_tofd_t2.asm.obj (.text)
                  00000e02    0000000e                                   : copy_decompress_none.c.obj (.text:decompress:none:__TI_decompress_none)
                  00000e10    0000000e     startup_msp432p401r_ccs.obj (.text)
                  00000e1e    00000004     rtsv7M4_T_le_v4SPD16_eabi.lib : pre_init.c.obj (.text:_system_pre_init)
                  00000e22    00000004                                   : exit.c.obj (.text:abort:abort)

.cinit     0    00000e28    00000018     
                  00000e28    00000008     (.cinit..data.load) [load image, compression = lzss]
                  00000e30    00000008     (__TI_handler_table)
                  00000e38    00000008     (__TI_cinit_table)

.init_array 
*          0    00000000    00000000     UNINITIALIZED

.binit     0    00000000    00000000     

.data      0    20000000    00000004     UNINITIALIZED
                  20000000    00000004     system_msp432p401r.obj (.data)

.stack     0    2000fe00    00000200     UNINITIALIZED
                  2000fe00    00000004     rtsv7M4_T_le_v4SPD16_eabi.lib : boot_cortex_m.c.obj (.stack)
                  2000fe04    000001fc     --HOLE--

MODULE SUMMARY

       Module                        code   ro data   rw data
       ------                        ----   -------   -------
    ./
       system_msp432p401r.obj        820    0         8      
       keypad.obj                    744    0         0      
       LCD.obj                       396    0         0      
       delay.obj                     308    0         0      
       startup_msp432p401r_ccs.obj   14     228       0      
       main.obj                      140    0         0      
    +--+-----------------------------+------+---------+---------+
       Total:                        2422   228       8      
                                                             
    /Applications/ti/ccsv8/tools/compiler/ti-cgt-arm_18.1.1.LTS/lib/rtsv7M4_T_le_v4SPD16_eabi.lib
       fd_div_t2.asm.obj             310    0         0      
       memcpy_t2.asm.obj             156    0         0      
       fd_cmp_t2.asm.obj             134    0         0      
       copy_decompress_lzss.c.obj    104    0         0      
       fd_toi_t2.asm.obj             72     0         0      
       autoinit.c.obj                68     0         0      
       boot_cortex_m.c.obj           56     0         0      
       i_tofd_t2.asm.obj             46     0         0      
       copy_decompress_none.c.obj    14     0         0      
       exit.c.obj                    4      0         0      
       pre_init.c.obj                4      0         0      
    +--+-----------------------------+------+---------+---------+
       Total:                        968    0         0      
                                                             
       Stack:                        0      0         1024   
       Linker Generated:             0      24        0      
    +--+-----------------------------+------+---------+---------+
       Grand Total:                  3390   252       1032   


LINKER GENERATED COPY TABLES

__TI_cinit_table @ 00000e38 records: 1, size/record: 8, table size: 8
	.data: load addr=00000e28, load size=00000008 bytes, run addr=20000000, run size=00000004 bytes, compression=lzss


LINKER GENERATED HANDLER TABLE

__TI_handler_table @ 00000e30 records: 2, size/record: 4, table size: 8
	index: 0, handler: __TI_decompress_lzss
	index: 1, handler: __TI_decompress_none


GLOBAL SYMBOLS: SORTED ALPHABETICALLY BY Name 

address   name                          
-------   ----                          
00000e1d  ADC14_IRQHandler              
00000e1d  AES256_IRQHandler             
00000e1d  BusFault_Handler              
00000e23  C$$EXIT                       
00000e1d  COMP_E0_IRQHandler            
00000e1d  COMP_E1_IRQHandler            
00000e1d  CS_IRQHandler                 
000007fd  Clear_LCD                     
00000e1d  DMA_ERR_IRQHandler            
00000e1d  DMA_INT0_IRQHandler           
00000e1d  DMA_INT1_IRQHandler           
00000e1d  DMA_INT2_IRQHandler           
00000e1d  DMA_INT3_IRQHandler           
00000e1d  DebugMon_Handler              
00000e1d  Default_Handler               
00000e1d  EUSCIA0_IRQHandler            
00000e1d  EUSCIA1_IRQHandler            
00000e1d  EUSCIA2_IRQHandler            
00000e1d  EUSCIA3_IRQHandler            
00000e1d  EUSCIB0_IRQHandler            
00000e1d  EUSCIB1_IRQHandler            
00000e1d  EUSCIB2_IRQHandler            
00000e1d  EUSCIB3_IRQHandler            
00000e1d  FLCTL_IRQHandler              
00000e1d  FPU_IRQHandler                
00000e1d  HardFault_Handler             
00000807  Home_LCD                      
00000721  LCD_CMD                       
00000767  LCD_INIT                      
000007bf  LCD_WRITE                     
00000e1d  MemManage_Handler             
00000e1d  NMI_Handler                   
00000e1d  PCM_IRQHandler                
00000e1d  PORT1_IRQHandler              
00000e1d  PORT2_IRQHandler              
00000e1d  PORT3_IRQHandler              
00000e1d  PORT4_IRQHandler              
00000e1d  PORT5_IRQHandler              
00000e1d  PORT6_IRQHandler              
00000e1d  PSS_IRQHandler                
00000e1d  PendSV_Handler                
00000e1d  RTC_C_IRQHandler              
00000e11  Reset_Handler                 
00000e1d  SVC_Handler                   
00000e1d  SysTick_Handler               
20000000  SystemCoreClock               
000000e5  SystemCoreClockUpdate         
0000035d  SystemInit                    
00000e1d  T32_INT1_IRQHandler           
00000e1d  T32_INT2_IRQHandler           
00000e1d  T32_INTC_IRQHandler           
00000e1d  TA0_0_IRQHandler              
00000e1d  TA0_N_IRQHandler              
00000e1d  TA1_0_IRQHandler              
00000e1d  TA1_N_IRQHandler              
00000e1d  TA2_0_IRQHandler              
00000e1d  TA2_N_IRQHandler              
00000e1d  TA3_0_IRQHandler              
00000e1d  TA3_N_IRQHandler              
00000e1d  UsageFault_Handler            
4000480c  WDTCTL_SYM                    
00000e1d  WDT_A_IRQHandler              
00000811  Write_char_LCD                
0000084f  Write_string_LCD              
20010000  __STACK_END                   
00000200  __STACK_SIZE                  
00000e38  __TI_CINIT_Base               
00000e40  __TI_CINIT_Limit              
00000e30  __TI_Handler_Table_Base       
00000e38  __TI_Handler_Table_Limit      
00000d59  __TI_auto_init_nobinit_nopinit
00000ca7  __TI_decompress_lzss          
00000e03  __TI_decompress_none          
ffffffff  __TI_pprof_out_hndl           
ffffffff  __TI_prof_data_size           
ffffffff  __TI_prof_data_start          
00000000  __TI_static_base__            
00000c21  __aeabi_cdcmpeq               
00000c21  __aeabi_cdcmple               
00000d0f  __aeabi_d2iz                  
0000088d  __aeabi_ddiv                  
00000dd5  __aeabi_i2d                   
00000af9  __aeabi_memcpy                
00000af9  __aeabi_memcpy4               
00000af9  __aeabi_memcpy8               
ffffffff  __binit__                     
ffffffff  __c_args__                    
UNDEFED   __mpu_init                    
2000fe00  __stack                       
00000d9d  _c_int00_noargs               
UNDEFED   _system_post_cinit            
00000e1f  _system_pre_init              
00000e23  abort                         
ffffffff  binit                         
00000a7b  delay_ms                      
00000acf  delay_us                      
00000517  displayAndLight               
00000419  get_pin                       
00000000  interruptVectors              
00000b95  main                          
00000af9  memcpy                        
000009c5  set_dco                       


GLOBAL SYMBOLS: SORTED BY Symbol Address 

address   name                          
-------   ----                          
00000000  __TI_static_base__            
00000000  interruptVectors              
000000e5  SystemCoreClockUpdate         
00000200  __STACK_SIZE                  
0000035d  SystemInit                    
00000419  get_pin                       
00000517  displayAndLight               
00000721  LCD_CMD                       
00000767  LCD_INIT                      
000007bf  LCD_WRITE                     
000007fd  Clear_LCD                     
00000807  Home_LCD                      
00000811  Write_char_LCD                
0000084f  Write_string_LCD              
0000088d  __aeabi_ddiv                  
000009c5  set_dco                       
00000a7b  delay_ms                      
00000acf  delay_us                      
00000af9  __aeabi_memcpy                
00000af9  __aeabi_memcpy4               
00000af9  __aeabi_memcpy8               
00000af9  memcpy                        
00000b95  main                          
00000c21  __aeabi_cdcmpeq               
00000c21  __aeabi_cdcmple               
00000ca7  __TI_decompress_lzss          
00000d0f  __aeabi_d2iz                  
00000d59  __TI_auto_init_nobinit_nopinit
00000d9d  _c_int00_noargs               
00000dd5  __aeabi_i2d                   
00000e03  __TI_decompress_none          
00000e11  Reset_Handler                 
00000e1d  ADC14_IRQHandler              
00000e1d  AES256_IRQHandler             
00000e1d  BusFault_Handler              
00000e1d  COMP_E0_IRQHandler            
00000e1d  COMP_E1_IRQHandler            
00000e1d  CS_IRQHandler                 
00000e1d  DMA_ERR_IRQHandler            
00000e1d  DMA_INT0_IRQHandler           
00000e1d  DMA_INT1_IRQHandler           
00000e1d  DMA_INT2_IRQHandler           
00000e1d  DMA_INT3_IRQHandler           
00000e1d  DebugMon_Handler              
00000e1d  Default_Handler               
00000e1d  EUSCIA0_IRQHandler            
00000e1d  EUSCIA1_IRQHandler            
00000e1d  EUSCIA2_IRQHandler            
00000e1d  EUSCIA3_IRQHandler            
00000e1d  EUSCIB0_IRQHandler            
00000e1d  EUSCIB1_IRQHandler            
00000e1d  EUSCIB2_IRQHandler            
00000e1d  EUSCIB3_IRQHandler            
00000e1d  FLCTL_IRQHandler              
00000e1d  FPU_IRQHandler                
00000e1d  HardFault_Handler             
00000e1d  MemManage_Handler             
00000e1d  NMI_Handler                   
00000e1d  PCM_IRQHandler                
00000e1d  PORT1_IRQHandler              
00000e1d  PORT2_IRQHandler              
00000e1d  PORT3_IRQHandler              
00000e1d  PORT4_IRQHandler              
00000e1d  PORT5_IRQHandler              
00000e1d  PORT6_IRQHandler              
00000e1d  PSS_IRQHandler                
00000e1d  PendSV_Handler                
00000e1d  RTC_C_IRQHandler              
00000e1d  SVC_Handler                   
00000e1d  SysTick_Handler               
00000e1d  T32_INT1_IRQHandler           
00000e1d  T32_INT2_IRQHandler           
00000e1d  T32_INTC_IRQHandler           
00000e1d  TA0_0_IRQHandler              
00000e1d  TA0_N_IRQHandler              
00000e1d  TA1_0_IRQHandler              
00000e1d  TA1_N_IRQHandler              
00000e1d  TA2_0_IRQHandler              
00000e1d  TA2_N_IRQHandler              
00000e1d  TA3_0_IRQHandler              
00000e1d  TA3_N_IRQHandler              
00000e1d  UsageFault_Handler            
00000e1d  WDT_A_IRQHandler              
00000e1f  _system_pre_init              
00000e23  C$$EXIT                       
00000e23  abort                         
00000e30  __TI_Handler_Table_Base       
00000e38  __TI_CINIT_Base               
00000e38  __TI_Handler_Table_Limit      
00000e40  __TI_CINIT_Limit              
20000000  SystemCoreClock               
2000fe00  __stack                       
20010000  __STACK_END                   
4000480c  WDTCTL_SYM                    
ffffffff  __TI_pprof_out_hndl           
ffffffff  __TI_prof_data_size           
ffffffff  __TI_prof_data_start          
ffffffff  __binit__                     
ffffffff  __c_args__                    
ffffffff  binit                         
UNDEFED   __mpu_init                    
UNDEFED   _system_post_cinit            

[102 symbols]
