******************************************************************************
                  TI ARM Linker Unix v18.1.1                   
******************************************************************************
>> Linked Mon Apr 23 20:44:30 2018

OUTPUT FILE NAME:   <cpe329_proj1_clean.out>
ENTRY POINT SYMBOL: "_c_int00_noargs"  address: 00001015


MEMORY CONFIGURATION

         name            origin    length      used     unused   attr    fill
----------------------  --------  ---------  --------  --------  ----  --------
  MAIN                  00000000   00040000  00001138  0003eec8  R  X
  INFO                  00200000   00004000  00000000  00004000  R  X
  SRAM_CODE             01000000   00010000  00000618  0000f9e8  RW X
  SRAM_DATA             20000000   00010000  00000618  0000f9e8  RW  


SEGMENT ALLOCATION MAP

run origin  load origin   length   init length attrs members
----------  ----------- ---------- ----------- ----- -------
00000000    00000000    00001138   00001138    r-x
  00000000    00000000    000000e4   000000e4    r-- .intvecs
  000000e4    000000e4    0000101c   0000101c    r-x .text
  00001100    00001100    00000010   00000010    r-- .const
  00001110    00001110    00000028   00000028    r-- .cinit
20000000    20000000    00000418   00000000    rw-
  20000000    20000000    00000400   00000000    rw- .sysmem
  20000400    20000400    00000018   00000000    rw- .data
2000fe00    2000fe00    00000200   00000000    rw-
  2000fe00    2000fe00    00000200   00000000    rw- .stack


SECTION ALLOCATION MAP

 output                                  attributes/
section   page    origin      length       input sections
--------  ----  ----------  ----------   ----------------
.intvecs   0    00000000    000000e4     
                  00000000    000000e4     startup_msp432p401r_ccs.obj (.intvecs:retain)

.text      0    000000e4    0000101c     
                  000000e4    00000334     system_msp432p401r.obj (.text)
                  00000418    000002e8     keypad.obj (.text)
                  00000700    00000250     main.obj (.text)
                  00000950    0000018c     LCD.obj (.text)
                  00000adc    00000136     rtsv7M4_T_le_v4SPD16_eabi.lib : fd_div_t2.asm.obj (.text)
                  00000c12    00000002                                   : _lock.c.obj (.text:_nop)
                  00000c14    00000134     delay.obj (.text)
                  00000d48    0000009c     rtsv7M4_T_le_v4SPD16_eabi.lib : memcpy_t2.asm.obj (.text)
                  00000de4    00000086                                   : fd_cmp_t2.asm.obj (.text:__aeabi_cdcmple)
                  00000e6a    00000002     --HOLE-- [fill = 0]
                  00000e6c    00000078                                   : memory.c.obj (.text:malloc)
                  00000ee4    00000068                                   : copy_decompress_lzss.c.obj (.text:decompress:lzss:__TI_decompress_lzss)
                  00000f4c    00000048                                   : fd_toi_t2.asm.obj (.text)
                  00000f94    00000044                                   : autoinit.c.obj (.text:__TI_auto_init_nobinit_nopinit:__TI_auto_init_nobinit_nopinit)
                  00000fd8    0000003c                                   : memory.c.obj (.text:minsert)
                  00001014    00000038                                   : boot_cortex_m.c.obj (.text:_c_int00_noargs:_c_int00_noargs)
                  0000104c    00000038                                   : memory.c.obj (.text:minit)
                  00001084    0000002e                                   : i_tofd_t2.asm.obj (.text)
                  000010b2    00000002     --HOLE-- [fill = 0]
                  000010b4    00000028                                   : memory.c.obj (.text:mremove)
                  000010dc    0000000e                                   : copy_decompress_none.c.obj (.text:decompress:none:__TI_decompress_none)
                  000010ea    0000000e     startup_msp432p401r_ccs.obj (.text)
                  000010f8    00000004     rtsv7M4_T_le_v4SPD16_eabi.lib : pre_init.c.obj (.text:_system_pre_init)
                  000010fc    00000004                                   : exit.c.obj (.text:abort:abort)

.const     0    00001100    00000010     
                  00001100    00000010     main.obj (.const:$P$T0$1)

.cinit     0    00001110    00000028     
                  00001110    00000016     (.cinit..data.load) [load image, compression = lzss]
                  00001126    00000002     --HOLE-- [fill = 0]
                  00001128    00000008     (__TI_handler_table)
                  00001130    00000008     (__TI_cinit_table)

.init_array 
*          0    00000000    00000000     UNINITIALIZED

.binit     0    00000000    00000000     

.data      0    20000400    00000018     UNINITIALIZED
                  20000400    0000000c     rtsv7M4_T_le_v4SPD16_eabi.lib : memory.c.obj (.data:$O1$$)
                  2000040c    00000008                                   : _lock.c.obj (.data:$O1$$)
                  20000414    00000004     system_msp432p401r.obj (.data)

.sysmem    0    20000000    00000400     UNINITIALIZED
                  20000000    00000008     rtsv7M4_T_le_v4SPD16_eabi.lib : memory.c.obj (.sysmem)
                  20000008    000003f8     --HOLE--

.stack     0    2000fe00    00000200     UNINITIALIZED
                  2000fe00    00000004     rtsv7M4_T_le_v4SPD16_eabi.lib : boot_cortex_m.c.obj (.stack)
                  2000fe04    000001fc     --HOLE--

MODULE SUMMARY

       Module                        code   ro data   rw data
       ------                        ----   -------   -------
    ./
       system_msp432p401r.obj        820    0         8      
       keypad.obj                    744    0         0      
       main.obj                      592    16        0      
       LCD.obj                       396    0         0      
       delay.obj                     308    0         0      
       startup_msp432p401r_ccs.obj   14     228       0      
    +--+-----------------------------+------+---------+---------+
       Total:                        2874   244       8      
                                                             
    /Applications/ti/ccsv8/tools/compiler/ti-cgt-arm_18.1.1.LTS/lib/rtsv7M4_T_le_v4SPD16_eabi.lib
       fd_div_t2.asm.obj             310    0         0      
       memory.c.obj                  276    0         24     
       memcpy_t2.asm.obj             156    0         0      
       fd_cmp_t2.asm.obj             134    0         0      
       copy_decompress_lzss.c.obj    104    0         0      
       fd_toi_t2.asm.obj             72     0         0      
       autoinit.c.obj                68     0         0      
       boot_cortex_m.c.obj           56     0         0      
       i_tofd_t2.asm.obj             46     0         0      
       _lock.c.obj                   2      0         16     
       copy_decompress_none.c.obj    14     0         0      
       exit.c.obj                    4      0         0      
       pre_init.c.obj                4      0         0      
    +--+-----------------------------+------+---------+---------+
       Total:                        1246   0         40     
                                                             
       Heap:                         0      0         2048   
       Stack:                        0      0         1024   
       Linker Generated:             0      38        0      
    +--+-----------------------------+------+---------+---------+
       Grand Total:                  4120   282       3120   


LINKER GENERATED COPY TABLES

__TI_cinit_table @ 00001130 records: 1, size/record: 8, table size: 8
	.data: load addr=00001110, load size=00000016 bytes, run addr=20000400, run size=00000018 bytes, compression=lzss


LINKER GENERATED HANDLER TABLE

__TI_handler_table @ 00001128 records: 2, size/record: 4, table size: 8
	index: 0, handler: __TI_decompress_lzss
	index: 1, handler: __TI_decompress_none


GLOBAL SYMBOLS: SORTED ALPHABETICALLY BY Name 

address   name                          
-------   ----                          
000010f7  ADC14_IRQHandler              
000010f7  AES256_IRQHandler             
000010f7  BusFault_Handler              
000010fd  C$$EXIT                       
000010f7  COMP_E0_IRQHandler            
000010f7  COMP_E1_IRQHandler            
000010f7  CS_IRQHandler                 
00000a4d  Clear_LCD                     
000010f7  DMA_ERR_IRQHandler            
000010f7  DMA_INT0_IRQHandler           
000010f7  DMA_INT1_IRQHandler           
000010f7  DMA_INT2_IRQHandler           
000010f7  DMA_INT3_IRQHandler           
000010f7  DebugMon_Handler              
000010f7  Default_Handler               
000010f7  EUSCIA0_IRQHandler            
000010f7  EUSCIA1_IRQHandler            
000010f7  EUSCIA2_IRQHandler            
000010f7  EUSCIA3_IRQHandler            
000010f7  EUSCIB0_IRQHandler            
000010f7  EUSCIB1_IRQHandler            
000010f7  EUSCIB2_IRQHandler            
000010f7  EUSCIB3_IRQHandler            
000010f7  FLCTL_IRQHandler              
000010f7  FPU_IRQHandler                
000010f7  HardFault_Handler             
00000a57  Home_LCD                      
00000971  LCD_CMD                       
000009b7  LCD_INIT                      
00000a0f  LCD_WRITE                     
000010f7  MemManage_Handler             
000010f7  NMI_Handler                   
000010f7  PCM_IRQHandler                
000010f7  PORT1_IRQHandler              
000010f7  PORT2_IRQHandler              
000010f7  PORT3_IRQHandler              
000010f7  PORT4_IRQHandler              
000010f7  PORT5_IRQHandler              
000010f7  PORT6_IRQHandler              
000010f7  PSS_IRQHandler                
000010f7  PendSV_Handler                
000010f7  RTC_C_IRQHandler              
000010eb  Reset_Handler                 
000010f7  SVC_Handler                   
000010f7  SysTick_Handler               
20000414  SystemCoreClock               
000000e5  SystemCoreClockUpdate         
0000035d  SystemInit                    
000010f7  T32_INT1_IRQHandler           
000010f7  T32_INT2_IRQHandler           
000010f7  T32_INTC_IRQHandler           
000010f7  TA0_0_IRQHandler              
000010f7  TA0_N_IRQHandler              
000010f7  TA1_0_IRQHandler              
000010f7  TA1_N_IRQHandler              
000010f7  TA2_0_IRQHandler              
000010f7  TA2_N_IRQHandler              
000010f7  TA3_0_IRQHandler              
000010f7  TA3_N_IRQHandler              
000010f7  UsageFault_Handler            
4000480c  WDTCTL_SYM                    
000010f7  WDT_A_IRQHandler              
00000a61  Write_char_LCD                
00000a9f  Write_string_LCD              
20010000  __STACK_END                   
00000200  __STACK_SIZE                  
00000400  __SYSMEM_SIZE                 
00001130  __TI_CINIT_Base               
00001138  __TI_CINIT_Limit              
00001128  __TI_Handler_Table_Base       
00001130  __TI_Handler_Table_Limit      
00000f95  __TI_auto_init_nobinit_nopinit
00000ee5  __TI_decompress_lzss          
000010dd  __TI_decompress_none          
ffffffff  __TI_pprof_out_hndl           
ffffffff  __TI_prof_data_size           
ffffffff  __TI_prof_data_start          
00000000  __TI_static_base__            
00000de5  __aeabi_cdcmpeq               
00000de5  __aeabi_cdcmple               
00000f4d  __aeabi_d2iz                  
00000add  __aeabi_ddiv                  
00001085  __aeabi_i2d                   
00000d49  __aeabi_memcpy                
00000d49  __aeabi_memcpy4               
00000d49  __aeabi_memcpy8               
ffffffff  __binit__                     
ffffffff  __c_args__                    
UNDEFED   __mpu_init                    
2000fe00  __stack                       
00001015  _c_int00_noargs               
2000040c  _lock                         
00000c13  _nop                          
20000000  _sys_memory                   
UNDEFED   _system_post_cinit            
000010f9  _system_pre_init              
20000410  _unlock                       
000010fd  abort                         
ffffffff  binit                         
00000ccb  delay_ms                      
00000d1f  delay_us                      
00000517  displayAndLight               
00000419  get_pin                       
00000000  interruptVectors              
00000701  main                          
00000e6d  malloc                        
00000d49  memcpy                        
0000104d  minit                         
00000c15  set_dco                       


GLOBAL SYMBOLS: SORTED BY Symbol Address 

address   name                          
-------   ----                          
00000000  __TI_static_base__            
00000000  interruptVectors              
000000e5  SystemCoreClockUpdate         
00000200  __STACK_SIZE                  
0000035d  SystemInit                    
00000400  __SYSMEM_SIZE                 
00000419  get_pin                       
00000517  displayAndLight               
00000701  main                          
00000971  LCD_CMD                       
000009b7  LCD_INIT                      
00000a0f  LCD_WRITE                     
00000a4d  Clear_LCD                     
00000a57  Home_LCD                      
00000a61  Write_char_LCD                
00000a9f  Write_string_LCD              
00000add  __aeabi_ddiv                  
00000c13  _nop                          
00000c15  set_dco                       
00000ccb  delay_ms                      
00000d1f  delay_us                      
00000d49  __aeabi_memcpy                
00000d49  __aeabi_memcpy4               
00000d49  __aeabi_memcpy8               
00000d49  memcpy                        
00000de5  __aeabi_cdcmpeq               
00000de5  __aeabi_cdcmple               
00000e6d  malloc                        
00000ee5  __TI_decompress_lzss          
00000f4d  __aeabi_d2iz                  
00000f95  __TI_auto_init_nobinit_nopinit
00001015  _c_int00_noargs               
0000104d  minit                         
00001085  __aeabi_i2d                   
000010dd  __TI_decompress_none          
000010eb  Reset_Handler                 
000010f7  ADC14_IRQHandler              
000010f7  AES256_IRQHandler             
000010f7  BusFault_Handler              
000010f7  COMP_E0_IRQHandler            
000010f7  COMP_E1_IRQHandler            
000010f7  CS_IRQHandler                 
000010f7  DMA_ERR_IRQHandler            
000010f7  DMA_INT0_IRQHandler           
000010f7  DMA_INT1_IRQHandler           
000010f7  DMA_INT2_IRQHandler           
000010f7  DMA_INT3_IRQHandler           
000010f7  DebugMon_Handler              
000010f7  Default_Handler               
000010f7  EUSCIA0_IRQHandler            
000010f7  EUSCIA1_IRQHandler            
000010f7  EUSCIA2_IRQHandler            
000010f7  EUSCIA3_IRQHandler            
000010f7  EUSCIB0_IRQHandler            
000010f7  EUSCIB1_IRQHandler            
000010f7  EUSCIB2_IRQHandler            
000010f7  EUSCIB3_IRQHandler            
000010f7  FLCTL_IRQHandler              
000010f7  FPU_IRQHandler                
000010f7  HardFault_Handler             
000010f7  MemManage_Handler             
000010f7  NMI_Handler                   
000010f7  PCM_IRQHandler                
000010f7  PORT1_IRQHandler              
000010f7  PORT2_IRQHandler              
000010f7  PORT3_IRQHandler              
000010f7  PORT4_IRQHandler              
000010f7  PORT5_IRQHandler              
000010f7  PORT6_IRQHandler              
000010f7  PSS_IRQHandler                
000010f7  PendSV_Handler                
000010f7  RTC_C_IRQHandler              
000010f7  SVC_Handler                   
000010f7  SysTick_Handler               
000010f7  T32_INT1_IRQHandler           
000010f7  T32_INT2_IRQHandler           
000010f7  T32_INTC_IRQHandler           
000010f7  TA0_0_IRQHandler              
000010f7  TA0_N_IRQHandler              
000010f7  TA1_0_IRQHandler              
000010f7  TA1_N_IRQHandler              
000010f7  TA2_0_IRQHandler              
000010f7  TA2_N_IRQHandler              
000010f7  TA3_0_IRQHandler              
000010f7  TA3_N_IRQHandler              
000010f7  UsageFault_Handler            
000010f7  WDT_A_IRQHandler              
000010f9  _system_pre_init              
000010fd  C$$EXIT                       
000010fd  abort                         
00001128  __TI_Handler_Table_Base       
00001130  __TI_CINIT_Base               
00001130  __TI_Handler_Table_Limit      
00001138  __TI_CINIT_Limit              
20000000  _sys_memory                   
2000040c  _lock                         
20000410  _unlock                       
20000414  SystemCoreClock               
2000fe00  __stack                       
20010000  __STACK_END                   
4000480c  WDTCTL_SYM                    
ffffffff  __TI_pprof_out_hndl           
ffffffff  __TI_prof_data_size           
ffffffff  __TI_prof_data_start          
ffffffff  __binit__                     
ffffffff  __c_args__                    
ffffffff  binit                         
UNDEFED   __mpu_init                    
UNDEFED   _system_post_cinit            

[109 symbols]
