******************************************************************************
                  TI ARM Linker Unix v18.1.1                   
******************************************************************************
>> Linked Mon May 14 13:43:41 2018

OUTPUT FILE NAME:   <cpe329_asgn8.out>
ENTRY POINT SYMBOL: "_c_int00_noargs"  address: 000007f5


MEMORY CONFIGURATION

         name            origin    length      used     unused   attr    fill
----------------------  --------  ---------  --------  --------  ----  --------
  MAIN                  00000000   00040000  00000892  0003f76e  R  X
  INFO                  00200000   00004000  00000000  00004000  R  X
  SRAM_CODE             01000000   00010000  00000210  0000fdf0  RW X
  SRAM_DATA             20000000   00010000  00000210  0000fdf0  RW  


SEGMENT ALLOCATION MAP

run origin  load origin   length   init length attrs members
----------  ----------- ---------- ----------- ----- -------
00000000    00000000    00000898   00000898    r-x
  00000000    00000000    000000e4   000000e4    r-- .intvecs
  000000e4    000000e4    0000077e   0000077e    r-x .text
  00000868    00000868    00000030   00000030    r-- .cinit
20000000    20000000    00000010   00000000    rw-
  20000000    20000000    0000000c   00000000    rw- .bss
  2000000c    2000000c    00000004   00000000    rw- .data
2000fe00    2000fe00    00000200   00000000    rw-
  2000fe00    2000fe00    00000200   00000000    rw- .stack


SECTION ALLOCATION MAP

 output                                  attributes/
section   page    origin      length       input sections
--------  ----  ----------  ----------   ----------------
.intvecs   0    00000000    000000e4     
                  00000000    000000e4     startup_msp432p401r_ccs.obj (.intvecs:retain)

.text      0    000000e4    0000077e     
                  000000e4    00000334     system_msp432p401r.obj (.text)
                  00000418    00000294     main.obj (.text)
                  000006ac    0000009c     rtsv7M4_T_le_v4SPD16_eabi.lib : memcpy_t2.asm.obj (.text)
                  00000748    00000068                                   : copy_decompress_lzss.c.obj (.text:decompress:lzss:__TI_decompress_lzss)
                  000007b0    00000044                                   : autoinit.c.obj (.text:__TI_auto_init_nobinit_nopinit:__TI_auto_init_nobinit_nopinit)
                  000007f4    00000038                                   : boot_cortex_m.c.obj (.text:_c_int00_noargs:_c_int00_noargs)
                  0000082c    00000012                                   : copy_zero_init.c.obj (.text:decompress:ZI:__TI_zero_init_nomemset:__TI_zero_init_nomemset)
                  0000083e    0000000e                                   : copy_decompress_none.c.obj (.text:decompress:none:__TI_decompress_none)
                  0000084c    0000000e     startup_msp432p401r_ccs.obj (.text)
                  0000085a    00000004     rtsv7M4_T_le_v4SPD16_eabi.lib : pre_init.c.obj (.text:_system_pre_init)
                  0000085e    00000004                                   : exit.c.obj (.text:abort:abort)

.cinit     0    00000868    00000030     
                  00000868    0000000c     (__TI_handler_table)
                  00000874    00000004     --HOLE-- [fill = 0]
                  00000878    00000008     (.cinit..bss.load) [load image, compression = zero_init]
                  00000880    00000008     (.cinit..data.load) [load image, compression = lzss]
                  00000888    00000010     (__TI_cinit_table)

.init_array 
*          0    00000000    00000000     UNINITIALIZED

.binit     0    00000000    00000000     

.bss       0    20000000    0000000c     UNINITIALIZED
                  20000000    00000004     (.common:array)
                  20000004    00000002     (.common:data)
                  20000006    00000002     (.common:multiplier)
                  20000008    00000001     (.common:arrayIndex)
                  20000009    00000001     (.common:character)
                  2000000a    00000001     (.common:countDigits)
                  2000000b    00000001     (.common:lock)

.data      0    2000000c    00000004     UNINITIALIZED
                  2000000c    00000004     system_msp432p401r.obj (.data)

.stack     0    2000fe00    00000200     UNINITIALIZED
                  2000fe00    00000004     rtsv7M4_T_le_v4SPD16_eabi.lib : boot_cortex_m.c.obj (.stack)
                  2000fe04    000001fc     --HOLE--

MODULE SUMMARY

       Module                        code   ro data   rw data
       ------                        ----   -------   -------
    ./
       system_msp432p401r.obj        820    0         8      
       main.obj                      660    0         24     
       startup_msp432p401r_ccs.obj   14     228       0      
    +--+-----------------------------+------+---------+---------+
       Total:                        1494   228       32     
                                                             
    /Applications/ti/ccsv8/tools/compiler/ti-cgt-arm_18.1.1.LTS/lib/rtsv7M4_T_le_v4SPD16_eabi.lib
       memcpy_t2.asm.obj             156    0         0      
       copy_decompress_lzss.c.obj    104    0         0      
       autoinit.c.obj                68     0         0      
       boot_cortex_m.c.obj           56     0         0      
       copy_zero_init.c.obj          18     0         0      
       copy_decompress_none.c.obj    14     0         0      
       exit.c.obj                    4      0         0      
       pre_init.c.obj                4      0         0      
    +--+-----------------------------+------+---------+---------+
       Total:                        424    0         0      
                                                             
       Stack:                        0      0         1024   
       Linker Generated:             0      44        0      
    +--+-----------------------------+------+---------+---------+
       Grand Total:                  1918   272       1056   


LINKER GENERATED COPY TABLES

__TI_cinit_table @ 00000888 records: 2, size/record: 8, table size: 16
	.bss: load addr=00000878, load size=00000008 bytes, run addr=20000000, run size=0000000c bytes, compression=zero_init
	.data: load addr=00000880, load size=00000008 bytes, run addr=2000000c, run size=00000004 bytes, compression=lzss


LINKER GENERATED HANDLER TABLE

__TI_handler_table @ 00000868 records: 3, size/record: 4, table size: 12
	index: 0, handler: __TI_decompress_lzss
	index: 1, handler: __TI_decompress_none
	index: 2, handler: __TI_zero_init


GLOBAL SYMBOLS: SORTED ALPHABETICALLY BY Name 

address   name                          
-------   ----                          
00000859  ADC14_IRQHandler              
00000859  AES256_IRQHandler             
00000859  BusFault_Handler              
0000085f  C$$EXIT                       
00000859  COMP_E0_IRQHandler            
00000859  COMP_E1_IRQHandler            
00000859  CS_IRQHandler                 
00000859  DMA_ERR_IRQHandler            
00000859  DMA_INT0_IRQHandler           
00000859  DMA_INT1_IRQHandler           
00000859  DMA_INT2_IRQHandler           
00000859  DMA_INT3_IRQHandler           
00000859  DebugMon_Handler              
00000859  Default_Handler               
000005f3  EUSCIA0_IRQHandler            
000005f3  EUSCIA0_IRQHandler            
00000859  EUSCIA1_IRQHandler            
00000859  EUSCIA2_IRQHandler            
00000859  EUSCIA3_IRQHandler            
00000859  EUSCIB0_IRQHandler            
00000859  EUSCIB1_IRQHandler            
00000859  EUSCIB2_IRQHandler            
00000859  EUSCIB3_IRQHandler            
00000859  FLCTL_IRQHandler              
00000859  FPU_IRQHandler                
00000859  HardFault_Handler             
00000859  MemManage_Handler             
00000859  NMI_Handler                   
00000859  PCM_IRQHandler                
00000859  PORT1_IRQHandler              
00000859  PORT2_IRQHandler              
00000859  PORT3_IRQHandler              
00000859  PORT4_IRQHandler              
00000859  PORT5_IRQHandler              
00000859  PORT6_IRQHandler              
00000859  PSS_IRQHandler                
00000859  PendSV_Handler                
00000859  RTC_C_IRQHandler              
0000084d  Reset_Handler                 
00000859  SVC_Handler                   
00000859  SysTick_Handler               
2000000c  SystemCoreClock               
000000e5  SystemCoreClockUpdate         
0000035d  SystemInit                    
00000859  T32_INT1_IRQHandler           
00000859  T32_INT2_IRQHandler           
00000859  T32_INTC_IRQHandler           
00000859  TA0_0_IRQHandler              
00000859  TA0_N_IRQHandler              
00000859  TA1_0_IRQHandler              
00000859  TA1_N_IRQHandler              
00000859  TA2_0_IRQHandler              
00000859  TA2_N_IRQHandler              
00000859  TA3_0_IRQHandler              
00000859  TA3_N_IRQHandler              
00000859  UsageFault_Handler            
4000480c  WDTCTL_SYM                    
00000859  WDT_A_IRQHandler              
20010000  __STACK_END                   
00000200  __STACK_SIZE                  
00000888  __TI_CINIT_Base               
00000898  __TI_CINIT_Limit              
00000868  __TI_Handler_Table_Base       
00000874  __TI_Handler_Table_Limit      
000007b1  __TI_auto_init_nobinit_nopinit
00000749  __TI_decompress_lzss          
0000083f  __TI_decompress_none          
ffffffff  __TI_pprof_out_hndl           
ffffffff  __TI_prof_data_size           
ffffffff  __TI_prof_data_start          
00000000  __TI_static_base__            
0000082d  __TI_zero_init_nomemset       
000006ad  __aeabi_memcpy                
000006ad  __aeabi_memcpy4               
000006ad  __aeabi_memcpy8               
ffffffff  __binit__                     
ffffffff  __c_args__                    
UNDEFED   __mpu_init                    
2000fe00  __stack                       
000007f5  _c_int00_noargs               
UNDEFED   _system_post_cinit            
0000085b  _system_pre_init              
0000085f  abort                         
20000000  array                         
20000008  arrayIndex                    
ffffffff  binit                         
20000009  character                     
2000000a  countDigits                   
20000004  data                          
00000000  interruptVectors              
2000000b  lock                          
00000419  main                          
000006ad  memcpy                        
20000006  multiplier                    


GLOBAL SYMBOLS: SORTED BY Symbol Address 

address   name                          
-------   ----                          
00000000  __TI_static_base__            
00000000  interruptVectors              
000000e5  SystemCoreClockUpdate         
00000200  __STACK_SIZE                  
0000035d  SystemInit                    
00000419  main                          
000005f3  EUSCIA0_IRQHandler            
000005f3  EUSCIA0_IRQHandler            
000006ad  __aeabi_memcpy                
000006ad  __aeabi_memcpy4               
000006ad  __aeabi_memcpy8               
000006ad  memcpy                        
00000749  __TI_decompress_lzss          
000007b1  __TI_auto_init_nobinit_nopinit
000007f5  _c_int00_noargs               
0000082d  __TI_zero_init_nomemset       
0000083f  __TI_decompress_none          
0000084d  Reset_Handler                 
00000859  ADC14_IRQHandler              
00000859  AES256_IRQHandler             
00000859  BusFault_Handler              
00000859  COMP_E0_IRQHandler            
00000859  COMP_E1_IRQHandler            
00000859  CS_IRQHandler                 
00000859  DMA_ERR_IRQHandler            
00000859  DMA_INT0_IRQHandler           
00000859  DMA_INT1_IRQHandler           
00000859  DMA_INT2_IRQHandler           
00000859  DMA_INT3_IRQHandler           
00000859  DebugMon_Handler              
00000859  Default_Handler               
00000859  EUSCIA1_IRQHandler            
00000859  EUSCIA2_IRQHandler            
00000859  EUSCIA3_IRQHandler            
00000859  EUSCIB0_IRQHandler            
00000859  EUSCIB1_IRQHandler            
00000859  EUSCIB2_IRQHandler            
00000859  EUSCIB3_IRQHandler            
00000859  FLCTL_IRQHandler              
00000859  FPU_IRQHandler                
00000859  HardFault_Handler             
00000859  MemManage_Handler             
00000859  NMI_Handler                   
00000859  PCM_IRQHandler                
00000859  PORT1_IRQHandler              
00000859  PORT2_IRQHandler              
00000859  PORT3_IRQHandler              
00000859  PORT4_IRQHandler              
00000859  PORT5_IRQHandler              
00000859  PORT6_IRQHandler              
00000859  PSS_IRQHandler                
00000859  PendSV_Handler                
00000859  RTC_C_IRQHandler              
00000859  SVC_Handler                   
00000859  SysTick_Handler               
00000859  T32_INT1_IRQHandler           
00000859  T32_INT2_IRQHandler           
00000859  T32_INTC_IRQHandler           
00000859  TA0_0_IRQHandler              
00000859  TA0_N_IRQHandler              
00000859  TA1_0_IRQHandler              
00000859  TA1_N_IRQHandler              
00000859  TA2_0_IRQHandler              
00000859  TA2_N_IRQHandler              
00000859  TA3_0_IRQHandler              
00000859  TA3_N_IRQHandler              
00000859  UsageFault_Handler            
00000859  WDT_A_IRQHandler              
0000085b  _system_pre_init              
0000085f  C$$EXIT                       
0000085f  abort                         
00000868  __TI_Handler_Table_Base       
00000874  __TI_Handler_Table_Limit      
00000888  __TI_CINIT_Base               
00000898  __TI_CINIT_Limit              
20000000  array                         
20000004  data                          
20000006  multiplier                    
20000008  arrayIndex                    
20000009  character                     
2000000a  countDigits                   
2000000b  lock                          
2000000c  SystemCoreClock               
2000fe00  __stack                       
20010000  __STACK_END                   
4000480c  WDTCTL_SYM                    
ffffffff  __TI_pprof_out_hndl           
ffffffff  __TI_prof_data_size           
ffffffff  __TI_prof_data_start          
ffffffff  __binit__                     
ffffffff  __c_args__                    
ffffffff  binit                         
UNDEFED   __mpu_init                    
UNDEFED   _system_post_cinit            

[94 symbols]
