******************************************************************************
                  TI ARM Linker Unix v18.1.1                   
******************************************************************************
>> Linked Sat May 19 11:57:04 2018

OUTPUT FILE NAME:   <cpe329_project3.out>
ENTRY POINT SYMBOL: "_c_int00_noargs"  address: 00000ee1


MEMORY CONFIGURATION

         name            origin    length      used     unused   attr    fill
----------------------  --------  ---------  --------  --------  ----  --------
  MAIN                  00000000   00040000  00000fb0  0003f050  R  X
  INFO                  00200000   00004000  00000000  00004000  R  X
  SRAM_CODE             01000000   00010000  00000ea0  0000f160  RW X
  SRAM_DATA             20000000   00010000  00000ea0  0000f160  RW  


SEGMENT ALLOCATION MAP

run origin  load origin   length   init length attrs members
----------  ----------- ---------- ----------- ----- -------
00000000    00000000    00000fb0   00000fb0    r-x
  00000000    00000000    000000e4   000000e4    r-- .intvecs
  000000e4    000000e4    00000e84   00000e84    r-x .text
  00000f68    00000f68    00000048   00000048    r-- .cinit
20000000    20000000    00000ca0   00000000    rw-
  20000000    20000000    00000c80   00000000    rw- .bss
  20000c80    20000c80    00000020   00000000    rw- .data
2000fe00    2000fe00    00000200   00000000    rw-
  2000fe00    2000fe00    00000200   00000000    rw- .stack


SECTION ALLOCATION MAP

 output                                  attributes/
section   page    origin      length       input sections
--------  ----  ----------  ----------   ----------------
.intvecs   0    00000000    000000e4     
                  00000000    000000e4     startup_msp432p401r_ccs.obj (.intvecs:retain)

.text      0    000000e4    00000e84     
                  000000e4    000003a4     main.obj (.text)
                  00000488    00000334     system_msp432p401r.obj (.text)
                  000007bc    000001b4     vtFuncs.obj (.text)
                  00000970    00000136     rtsv7M4_T_le_v4SPD16_eabi.lib : fd_div_t2.asm.obj (.text)
                  00000aa6    00000002     --HOLE-- [fill = 0]
                  00000aa8    00000130     adc.obj (.text)
                  00000bd8    000000fc     rtsv7M4_T_le_v4SPD16_eabi.lib : fd_mul_t2.asm.obj (.text)
                  00000cd4    0000009c                                   : memcpy_t2.asm.obj (.text)
                  00000d70    0000007a                                   : memset_t2.asm.obj (.text)
                  00000dea    00000068                                   : copy_decompress_lzss.c.obj (.text:decompress:lzss:__TI_decompress_lzss)
                  00000e52    00000048                                   : fd_toi_t2.asm.obj (.text)
                  00000e9a    00000002     --HOLE-- [fill = 0]
                  00000e9c    00000044                                   : autoinit.c.obj (.text:__TI_auto_init_nobinit_nopinit:__TI_auto_init_nobinit_nopinit)
                  00000ee0    00000038                                   : boot_cortex_m.c.obj (.text:_c_int00_noargs:_c_int00_noargs)
                  00000f18    00000020                                   : u_tofd_t2.asm.obj (.text)
                  00000f38    0000000e                                   : copy_decompress_none.c.obj (.text:decompress:none:__TI_decompress_none)
                  00000f46    0000000e     startup_msp432p401r_ccs.obj (.text)
                  00000f54    0000000c     rtsv7M4_T_le_v4SPD16_eabi.lib : copy_zero_init.c.obj (.text:decompress:ZI:__TI_zero_init)
                  00000f60    00000004                                   : pre_init.c.obj (.text:_system_pre_init)
                  00000f64    00000004                                   : exit.c.obj (.text:abort:abort)

.cinit     0    00000f68    00000048     
                  00000f68    00000022     (.cinit..data.load) [load image, compression = lzss]
                  00000f8a    00000002     --HOLE-- [fill = 0]
                  00000f8c    0000000c     (__TI_handler_table)
                  00000f98    00000008     (.cinit..bss.load) [load image, compression = zero_init]
                  00000fa0    00000010     (__TI_cinit_table)

.init_array 
*          0    00000000    00000000     UNINITIALIZED

.binit     0    00000000    00000000     

.bss       0    20000000    00000c80     UNINITIALIZED
                  20000000    00000640     (.common:dataTable)
                  20000640    00000640     (.common:newData)

.data      0    20000c80    00000020     UNINITIALIZED
                  20000c80    00000010     vtFuncs.obj (.data:hexTable)
                  20000c90    0000000c     main.obj (.data)
                  20000c9c    00000004     system_msp432p401r.obj (.data)

.stack     0    2000fe00    00000200     UNINITIALIZED
                  2000fe00    00000004     rtsv7M4_T_le_v4SPD16_eabi.lib : boot_cortex_m.c.obj (.stack)
                  2000fe04    000001fc     --HOLE--

MODULE SUMMARY

       Module                        code   ro data   rw data
       ------                        ----   -------   -------
    ./
       main.obj                      932    0         6424   
       system_msp432p401r.obj        820    0         8      
       vtFuncs.obj                   436    0         32     
       adc.obj                       304    0         0      
       startup_msp432p401r_ccs.obj   14     228       0      
    +--+-----------------------------+------+---------+---------+
       Total:                        2506   228       6464   
                                                             
    /Applications/ti/ccsv8/tools/compiler/ti-cgt-arm_18.1.1.LTS/lib/rtsv7M4_T_le_v4SPD16_eabi.lib
       fd_div_t2.asm.obj             310    0         0      
       fd_mul_t2.asm.obj             252    0         0      
       memcpy_t2.asm.obj             156    0         0      
       memset_t2.asm.obj             122    0         0      
       copy_decompress_lzss.c.obj    104    0         0      
       fd_toi_t2.asm.obj             72     0         0      
       autoinit.c.obj                68     0         0      
       boot_cortex_m.c.obj           56     0         0      
       u_tofd_t2.asm.obj             32     0         0      
       copy_decompress_none.c.obj    14     0         0      
       copy_zero_init.c.obj          12     0         0      
       exit.c.obj                    4      0         0      
       pre_init.c.obj                4      0         0      
    +--+-----------------------------+------+---------+---------+
       Total:                        1206   0         0      
                                                             
       Stack:                        0      0         1024   
       Linker Generated:             0      70        0      
    +--+-----------------------------+------+---------+---------+
       Grand Total:                  3712   298       7488   


LINKER GENERATED COPY TABLES

__TI_cinit_table @ 00000fa0 records: 2, size/record: 8, table size: 16
	.data: load addr=00000f68, load size=00000022 bytes, run addr=20000c80, run size=00000020 bytes, compression=lzss
	.bss: load addr=00000f98, load size=00000008 bytes, run addr=20000000, run size=00000c80 bytes, compression=zero_init


LINKER GENERATED HANDLER TABLE

__TI_handler_table @ 00000f8c records: 3, size/record: 4, table size: 12
	index: 0, handler: __TI_decompress_lzss
	index: 1, handler: __TI_decompress_none
	index: 2, handler: __TI_zero_init


GLOBAL SYMBOLS: SORTED ALPHABETICALLY BY Name 

address   name                          
-------   ----                          
00000f53  ADC14_IRQHandler              
00000f53  AES256_IRQHandler             
00000f53  BusFault_Handler              
00000f65  C$$EXIT                       
00000f53  COMP_E0_IRQHandler            
00000f53  COMP_E1_IRQHandler            
00000f53  CS_IRQHandler                 
00000f53  DMA_ERR_IRQHandler            
00000f53  DMA_INT0_IRQHandler           
00000f53  DMA_INT1_IRQHandler           
00000f53  DMA_INT2_IRQHandler           
00000f53  DMA_INT3_IRQHandler           
00000f53  DebugMon_Handler              
00000f53  Default_Handler               
00000f53  EUSCIA0_IRQHandler            
00000f53  EUSCIA1_IRQHandler            
00000f53  EUSCIA2_IRQHandler            
00000f53  EUSCIA3_IRQHandler            
00000f53  EUSCIB0_IRQHandler            
00000f53  EUSCIB1_IRQHandler            
00000f53  EUSCIB2_IRQHandler            
00000f53  EUSCIB3_IRQHandler            
00000f53  FLCTL_IRQHandler              
00000f53  FPU_IRQHandler                
00000f53  HardFault_Handler             
00000f53  MemManage_Handler             
00000f53  NMI_Handler                   
00000f53  PCM_IRQHandler                
00000f53  PORT1_IRQHandler              
00000f53  PORT2_IRQHandler              
00000f53  PORT3_IRQHandler              
00000f53  PORT4_IRQHandler              
00000f53  PORT5_IRQHandler              
00000f53  PORT6_IRQHandler              
00000f53  PSS_IRQHandler                
00000f53  PendSV_Handler                
00000f53  RTC_C_IRQHandler              
00000f47  Reset_Handler                 
00000f53  SVC_Handler                   
00000f53  SysTick_Handler               
20000c9c  SystemCoreClock               
00000489  SystemCoreClockUpdate         
00000701  SystemInit                    
00000f53  T32_INT1_IRQHandler           
00000f53  T32_INT2_IRQHandler           
00000f53  T32_INTC_IRQHandler           
000003f1  TA0_0_IRQHandler              
000003f1  TA0_0_IRQHandler              
00000f53  TA0_N_IRQHandler              
00000f53  TA1_0_IRQHandler              
00000f53  TA1_N_IRQHandler              
00000f53  TA2_0_IRQHandler              
00000f53  TA2_N_IRQHandler              
00000f53  TA3_0_IRQHandler              
00000f53  TA3_N_IRQHandler              
00000f53  UsageFault_Handler            
4000480c  WDTCTL_SYM                    
00000f53  WDT_A_IRQHandler              
20010000  __STACK_END                   
00000200  __STACK_SIZE                  
00000fa0  __TI_CINIT_Base               
00000fb0  __TI_CINIT_Limit              
00000f8c  __TI_Handler_Table_Base       
00000f98  __TI_Handler_Table_Limit      
00000e9d  __TI_auto_init_nobinit_nopinit
00000deb  __TI_decompress_lzss          
00000f39  __TI_decompress_none          
ffffffff  __TI_pprof_out_hndl           
ffffffff  __TI_prof_data_size           
ffffffff  __TI_prof_data_start          
00000000  __TI_static_base__            
00000f55  __TI_zero_init                
00000e53  __aeabi_d2iz                  
00000971  __aeabi_ddiv                  
00000bd9  __aeabi_dmul                  
00000d71  __aeabi_memclr                
00000d71  __aeabi_memclr4               
00000d71  __aeabi_memclr8               
00000cd5  __aeabi_memcpy                
00000cd5  __aeabi_memcpy4               
00000cd5  __aeabi_memcpy8               
00000d73  __aeabi_memset                
00000d73  __aeabi_memset4               
00000d73  __aeabi_memset8               
00000f19  __aeabi_ui2d                  
ffffffff  __binit__                     
ffffffff  __c_args__                    
UNDEFED   __mpu_init                    
2000fe00  __stack                       
00000ee1  _c_int00_noargs               
UNDEFED   _system_post_cinit            
00000f61  _system_pre_init              
00000f65  abort                         
00000b95  adc_get_voltage               
ffffffff  binit                         
000008d5  clear_screen                  
20000c90  count                         
20000000  dataTable                     
00000169  findMaxIndex                  
000000e5  findMinIndex                  
20000c95  flag                          
20000c80  hexTable                      
00000000  interruptVectors              
00000239  main                          
00000cd5  memcpy                        
00000d79  memset                        
20000640  newData                       
00000903  print_int32                   
20000c94  ready                         
000007bd  set_cursor                    
000001ef  uart_init                     
20000c98  windowSize                    
00000aa9  write_to_terminal             
00000acd  write_voltage                 


GLOBAL SYMBOLS: SORTED BY Symbol Address 

address   name                          
-------   ----                          
00000000  __TI_static_base__            
00000000  interruptVectors              
000000e5  findMinIndex                  
00000169  findMaxIndex                  
000001ef  uart_init                     
00000200  __STACK_SIZE                  
00000239  main                          
000003f1  TA0_0_IRQHandler              
000003f1  TA0_0_IRQHandler              
00000489  SystemCoreClockUpdate         
00000701  SystemInit                    
000007bd  set_cursor                    
000008d5  clear_screen                  
00000903  print_int32                   
00000971  __aeabi_ddiv                  
00000aa9  write_to_terminal             
00000acd  write_voltage                 
00000b95  adc_get_voltage               
00000bd9  __aeabi_dmul                  
00000cd5  __aeabi_memcpy                
00000cd5  __aeabi_memcpy4               
00000cd5  __aeabi_memcpy8               
00000cd5  memcpy                        
00000d71  __aeabi_memclr                
00000d71  __aeabi_memclr4               
00000d71  __aeabi_memclr8               
00000d73  __aeabi_memset                
00000d73  __aeabi_memset4               
00000d73  __aeabi_memset8               
00000d79  memset                        
00000deb  __TI_decompress_lzss          
00000e53  __aeabi_d2iz                  
00000e9d  __TI_auto_init_nobinit_nopinit
00000ee1  _c_int00_noargs               
00000f19  __aeabi_ui2d                  
00000f39  __TI_decompress_none          
00000f47  Reset_Handler                 
00000f53  ADC14_IRQHandler              
00000f53  AES256_IRQHandler             
00000f53  BusFault_Handler              
00000f53  COMP_E0_IRQHandler            
00000f53  COMP_E1_IRQHandler            
00000f53  CS_IRQHandler                 
00000f53  DMA_ERR_IRQHandler            
00000f53  DMA_INT0_IRQHandler           
00000f53  DMA_INT1_IRQHandler           
00000f53  DMA_INT2_IRQHandler           
00000f53  DMA_INT3_IRQHandler           
00000f53  DebugMon_Handler              
00000f53  Default_Handler               
00000f53  EUSCIA0_IRQHandler            
00000f53  EUSCIA1_IRQHandler            
00000f53  EUSCIA2_IRQHandler            
00000f53  EUSCIA3_IRQHandler            
00000f53  EUSCIB0_IRQHandler            
00000f53  EUSCIB1_IRQHandler            
00000f53  EUSCIB2_IRQHandler            
00000f53  EUSCIB3_IRQHandler            
00000f53  FLCTL_IRQHandler              
00000f53  FPU_IRQHandler                
00000f53  HardFault_Handler             
00000f53  MemManage_Handler             
00000f53  NMI_Handler                   
00000f53  PCM_IRQHandler                
00000f53  PORT1_IRQHandler              
00000f53  PORT2_IRQHandler              
00000f53  PORT3_IRQHandler              
00000f53  PORT4_IRQHandler              
00000f53  PORT5_IRQHandler              
00000f53  PORT6_IRQHandler              
00000f53  PSS_IRQHandler                
00000f53  PendSV_Handler                
00000f53  RTC_C_IRQHandler              
00000f53  SVC_Handler                   
00000f53  SysTick_Handler               
00000f53  T32_INT1_IRQHandler           
00000f53  T32_INT2_IRQHandler           
00000f53  T32_INTC_IRQHandler           
00000f53  TA0_N_IRQHandler              
00000f53  TA1_0_IRQHandler              
00000f53  TA1_N_IRQHandler              
00000f53  TA2_0_IRQHandler              
00000f53  TA2_N_IRQHandler              
00000f53  TA3_0_IRQHandler              
00000f53  TA3_N_IRQHandler              
00000f53  UsageFault_Handler            
00000f53  WDT_A_IRQHandler              
00000f55  __TI_zero_init                
00000f61  _system_pre_init              
00000f65  C$$EXIT                       
00000f65  abort                         
00000f8c  __TI_Handler_Table_Base       
00000f98  __TI_Handler_Table_Limit      
00000fa0  __TI_CINIT_Base               
00000fb0  __TI_CINIT_Limit              
20000000  dataTable                     
20000640  newData                       
20000c80  hexTable                      
20000c90  count                         
20000c94  ready                         
20000c95  flag                          
20000c98  windowSize                    
20000c9c  SystemCoreClock               
2000fe00  __stack                       
20010000  __STACK_END                   
4000480c  WDTCTL_SYM                    
ffffffff  __TI_pprof_out_hndl           
ffffffff  __TI_prof_data_size           
ffffffff  __TI_prof_data_start          
ffffffff  __binit__                     
ffffffff  __c_args__                    
ffffffff  binit                         
UNDEFED   __mpu_init                    
UNDEFED   _system_post_cinit            

[114 symbols]
