******************************************************************************
                  TI ARM Linker Unix v18.1.1                   
******************************************************************************
>> Linked Sun May 20 16:53:37 2018

OUTPUT FILE NAME:   <cpe329_project3.out>
ENTRY POINT SYMBOL: "_c_int00_noargs"  address: 0000154d


MEMORY CONFIGURATION

         name            origin    length      used     unused   attr    fill
----------------------  --------  ---------  --------  --------  ----  --------
  MAIN                  00000000   00040000  0000165c  0003e9a4  R  X
  INFO                  00200000   00004000  00000000  00004000  R  X
  SRAM_CODE             01000000   00010000  0000b1f0  00004e10  RW X
  SRAM_DATA             20000000   00010000  0000b1f0  00004e10  RW  


SEGMENT ALLOCATION MAP

run origin  load origin   length   init length attrs members
----------  ----------- ---------- ----------- ----- -------
00000000    00000000    00001660   00001660    r-x
  00000000    00000000    000000e4   000000e4    r-- .intvecs
  000000e4    000000e4    00001528   00001528    r-x .text
  00001610    00001610    00000050   00000050    r-- .cinit
20000000    20000000    0000aff0   00000000    rw-
  20000000    20000000    0000afc8   00000000    rw- .bss
  2000afc8    2000afc8    00000028   00000000    rw- .data
2000fe00    2000fe00    00000200   00000000    rw-
  2000fe00    2000fe00    00000200   00000000    rw- .stack


SECTION ALLOCATION MAP

 output                                  attributes/
section   page    origin      length       input sections
--------  ----  ----------  ----------   ----------------
.intvecs   0    00000000    000000e4     
                  00000000    000000e4     startup_msp432p401r_ccs.obj (.intvecs:retain)

.text      0    000000e4    00001528     
                  000000e4    0000069c     main.obj (.text)
                  00000780    00000334     system_msp432p401r.obj (.text)
                  00000ab4    000001d4     vtFuncs.obj (.text)
                  00000c88    000001b6     rtsv7M4_T_le_v4SPD16_eabi.lib : fd_add_t2.asm.obj (.text)
                  00000e3e    00000002     --HOLE-- [fill = 0]
                  00000e40    00000158                                   : e_sqrt.c.obj (.text:sqrt)
                  00000f98    00000136                                   : fd_div_t2.asm.obj (.text)
                  000010ce    00000002     --HOLE-- [fill = 0]
                  000010d0    00000130     adc.obj (.text)
                  00001200    000000fc     rtsv7M4_T_le_v4SPD16_eabi.lib : fd_mul_t2.asm.obj (.text)
                  000012fc    0000009c                                   : memcpy_t2.asm.obj (.text)
                  00001398    0000007a                                   : memset_t2.asm.obj (.text)
                  00001412    00000068                                   : copy_decompress_lzss.c.obj (.text:decompress:lzss:__TI_decompress_lzss)
                  0000147a    00000048                                   : fd_toi_t2.asm.obj (.text)
                  000014c2    00000002     --HOLE-- [fill = 0]
                  000014c4    00000044                                   : autoinit.c.obj (.text:__TI_auto_init_nobinit_nopinit:__TI_auto_init_nobinit_nopinit)
                  00001508    00000044                                   : fd_tou_t2.asm.obj (.text)
                  0000154c    00000038                                   : boot_cortex_m.c.obj (.text:_c_int00_noargs:_c_int00_noargs)
                  00001584    0000002e                                   : i_tofd_t2.asm.obj (.text)
                  000015b2    00000020                                   : u_tofd_t2.asm.obj (.text)
                  000015d2    0000000e                                   : copy_decompress_none.c.obj (.text:decompress:none:__TI_decompress_none)
                  000015e0    0000000e     startup_msp432p401r_ccs.obj (.text)
                  000015ee    0000000c     rtsv7M4_T_le_v4SPD16_eabi.lib : copy_zero_init.c.obj (.text:decompress:ZI:__TI_zero_init)
                  000015fa    00000002     --HOLE-- [fill = 0]
                  000015fc    00000008                                   : errno.c.obj (.text:__aeabi_errno_addr)
                  00001604    00000004                                   : pre_init.c.obj (.text:_system_pre_init)
                  00001608    00000004                                   : exit.c.obj (.text:abort:abort)

.cinit     0    00001610    00000050     
                  00001610    00000028     (.cinit..data.load) [load image, compression = lzss]
                  00001638    0000000c     (__TI_handler_table)
                  00001644    00000004     --HOLE-- [fill = 0]
                  00001648    00000008     (.cinit..bss.load) [load image, compression = zero_init]
                  00001650    00000010     (__TI_cinit_table)

.init_array 
*          0    00000000    00000000     UNINITIALIZED

.binit     0    00000000    00000000     

.bss       0    20000000    0000afc8     UNINITIALIZED
                  20000000    00007530     (.common:dataTable)
                  20007530    00003a98     (.common:newData)

.data      0    2000afc8    00000028     UNINITIALIZED
                  2000afc8    00000010     vtFuncs.obj (.data:hexTable)
                  2000afd8    00000010     main.obj (.data)
                  2000afe8    00000004     rtsv7M4_T_le_v4SPD16_eabi.lib : errno.c.obj (.data)
                  2000afec    00000004     system_msp432p401r.obj (.data)

.stack     0    2000fe00    00000200     UNINITIALIZED
                  2000fe00    00000004     rtsv7M4_T_le_v4SPD16_eabi.lib : boot_cortex_m.c.obj (.stack)
                  2000fe04    000001fc     --HOLE--

MODULE SUMMARY

       Module                        code   ro data   rw data
       ------                        ----   -------   -------
    ./
       main.obj                      1692   0         90032  
       system_msp432p401r.obj        820    0         8      
       vtFuncs.obj                   468    0         32     
       adc.obj                       304    0         0      
       startup_msp432p401r_ccs.obj   14     228       0      
    +--+-----------------------------+------+---------+---------+
       Total:                        3298   228       90072  
                                                             
    /Applications/ti/ccsv8/tools/compiler/ti-cgt-arm_18.1.1.LTS/lib/rtsv7M4_T_le_v4SPD16_eabi.lib
       fd_add_t2.asm.obj             438    0         0      
       e_sqrt.c.obj                  344    0         0      
       fd_div_t2.asm.obj             310    0         0      
       fd_mul_t2.asm.obj             252    0         0      
       memcpy_t2.asm.obj             156    0         0      
       memset_t2.asm.obj             122    0         0      
       copy_decompress_lzss.c.obj    104    0         0      
       fd_toi_t2.asm.obj             72     0         0      
       autoinit.c.obj                68     0         0      
       fd_tou_t2.asm.obj             68     0         0      
       boot_cortex_m.c.obj           56     0         0      
       i_tofd_t2.asm.obj             46     0         0      
       u_tofd_t2.asm.obj             32     0         0      
       errno.c.obj                   8      0         8      
       copy_decompress_none.c.obj    14     0         0      
       copy_zero_init.c.obj          12     0         0      
       exit.c.obj                    4      0         0      
       pre_init.c.obj                4      0         0      
    +--+-----------------------------+------+---------+---------+
       Total:                        2110   0         8      
                                                             
       Stack:                        0      0         1024   
       Linker Generated:             0      76        0      
    +--+-----------------------------+------+---------+---------+
       Grand Total:                  5408   304       91104  


LINKER GENERATED COPY TABLES

__TI_cinit_table @ 00001650 records: 2, size/record: 8, table size: 16
	.data: load addr=00001610, load size=00000028 bytes, run addr=2000afc8, run size=00000028 bytes, compression=lzss
	.bss: load addr=00001648, load size=00000008 bytes, run addr=20000000, run size=0000afc8 bytes, compression=zero_init


LINKER GENERATED HANDLER TABLE

__TI_handler_table @ 00001638 records: 3, size/record: 4, table size: 12
	index: 0, handler: __TI_decompress_lzss
	index: 1, handler: __TI_decompress_none
	index: 2, handler: __TI_zero_init


GLOBAL SYMBOLS: SORTED ALPHABETICALLY BY Name 

address   name                          
-------   ----                          
000015ed  ADC14_IRQHandler              
000015ed  AES256_IRQHandler             
000015ed  BusFault_Handler              
00001609  C$$EXIT                       
000015ed  COMP_E0_IRQHandler            
000015ed  COMP_E1_IRQHandler            
000015ed  CS_IRQHandler                 
000015ed  DMA_ERR_IRQHandler            
000015ed  DMA_INT0_IRQHandler           
000015ed  DMA_INT1_IRQHandler           
000015ed  DMA_INT2_IRQHandler           
000015ed  DMA_INT3_IRQHandler           
000015ed  DebugMon_Handler              
000015ed  Default_Handler               
000015ed  EUSCIA0_IRQHandler            
000015ed  EUSCIA1_IRQHandler            
000015ed  EUSCIA2_IRQHandler            
000015ed  EUSCIA3_IRQHandler            
000015ed  EUSCIB0_IRQHandler            
000015ed  EUSCIB1_IRQHandler            
000015ed  EUSCIB2_IRQHandler            
000015ed  EUSCIB3_IRQHandler            
000015ed  FLCTL_IRQHandler              
000015ed  FPU_IRQHandler                
000015ed  HardFault_Handler             
000015ed  MemManage_Handler             
000015ed  NMI_Handler                   
000015ed  PCM_IRQHandler                
000015ed  PORT1_IRQHandler              
000015ed  PORT2_IRQHandler              
000015ed  PORT3_IRQHandler              
000015ed  PORT4_IRQHandler              
000015ed  PORT5_IRQHandler              
000015ed  PORT6_IRQHandler              
000015ed  PSS_IRQHandler                
000015ed  PendSV_Handler                
000015ed  RTC_C_IRQHandler              
000015e1  Reset_Handler                 
000015ed  SVC_Handler                   
000015ed  SysTick_Handler               
2000afec  SystemCoreClock               
00000781  SystemCoreClockUpdate         
000009f9  SystemInit                    
000015ed  T32_INT1_IRQHandler           
000015ed  T32_INT2_IRQHandler           
000015ed  T32_INTC_IRQHandler           
00000695  TA0_0_IRQHandler              
00000695  TA0_0_IRQHandler              
000015ed  TA0_N_IRQHandler              
000015ed  TA1_0_IRQHandler              
000015ed  TA1_N_IRQHandler              
000015ed  TA2_0_IRQHandler              
000015ed  TA2_N_IRQHandler              
000015ed  TA3_0_IRQHandler              
000015ed  TA3_N_IRQHandler              
000015ed  UsageFault_Handler            
4000480c  WDTCTL_SYM                    
000015ed  WDT_A_IRQHandler              
20010000  __STACK_END                   
00000200  __STACK_SIZE                  
00001650  __TI_CINIT_Base               
00001660  __TI_CINIT_Limit              
00001638  __TI_Handler_Table_Base       
00001644  __TI_Handler_Table_Limit      
000014c5  __TI_auto_init_nobinit_nopinit
00001413  __TI_decompress_lzss          
000015d3  __TI_decompress_none          
ffffffff  __TI_pprof_out_hndl           
ffffffff  __TI_prof_data_size           
ffffffff  __TI_prof_data_start          
00000000  __TI_static_base__            
000015ef  __TI_zero_init                
0000147b  __aeabi_d2iz                  
00001509  __aeabi_d2uiz                 
00000c93  __aeabi_dadd                  
00000f99  __aeabi_ddiv                  
00001201  __aeabi_dmul                  
00000c89  __aeabi_dsub                  
000015fd  __aeabi_errno_addr            
00001585  __aeabi_i2d                   
00001399  __aeabi_memclr                
00001399  __aeabi_memclr4               
00001399  __aeabi_memclr8               
000012fd  __aeabi_memcpy                
000012fd  __aeabi_memcpy4               
000012fd  __aeabi_memcpy8               
0000139b  __aeabi_memset                
0000139b  __aeabi_memset4               
0000139b  __aeabi_memset8               
000015b3  __aeabi_ui2d                  
ffffffff  __binit__                     
ffffffff  __c_args__                    
UNDEFED   __mpu_init                    
2000fe00  __stack                       
0000154d  _c_int00_noargs               
UNDEFED   _system_post_cinit            
00001605  _system_pre_init              
00001609  abort                         
000011bd  adc_get_voltage               
ffffffff  binit                         
00000bcd  clear_screen                  
000001ab  convert_to_dc                 
00000149  convert_to_freq               
2000afdc  count                         
20000000  dataTable                     
2000afe8  errno                         
0000026d  filter                        
000001e9  findFallingEdgeIndex          
0000033f  findMax                       
000002f5  findMin                       
0000022b  findRisingEdgeIndex           
2000afc8  hexTable                      
00000000  interruptVectors              
00000409  main                          
000012fd  memcpy                        
000013a1  memset                        
20007530  newData                       
00000c19  print_int32                   
00000bfb  print_string                  
000010f5  print_voltage                 
2000afe0  ready                         
00000ab5  set_cursor                    
00000e41  sqrt                          
00000e41  sqrtl                         
2000afd8  state                         
000000e5  true_rms                      
0000038d  uart_init                     
2000afe4  windowSize                    
000010d1  write_to_terminal             


GLOBAL SYMBOLS: SORTED BY Symbol Address 

address   name                          
-------   ----                          
00000000  __TI_static_base__            
00000000  interruptVectors              
000000e5  true_rms                      
00000149  convert_to_freq               
000001ab  convert_to_dc                 
000001e9  findFallingEdgeIndex          
00000200  __STACK_SIZE                  
0000022b  findRisingEdgeIndex           
0000026d  filter                        
000002f5  findMin                       
0000033f  findMax                       
0000038d  uart_init                     
00000409  main                          
00000695  TA0_0_IRQHandler              
00000695  TA0_0_IRQHandler              
00000781  SystemCoreClockUpdate         
000009f9  SystemInit                    
00000ab5  set_cursor                    
00000bcd  clear_screen                  
00000bfb  print_string                  
00000c19  print_int32                   
00000c89  __aeabi_dsub                  
00000c93  __aeabi_dadd                  
00000e41  sqrt                          
00000e41  sqrtl                         
00000f99  __aeabi_ddiv                  
000010d1  write_to_terminal             
000010f5  print_voltage                 
000011bd  adc_get_voltage               
00001201  __aeabi_dmul                  
000012fd  __aeabi_memcpy                
000012fd  __aeabi_memcpy4               
000012fd  __aeabi_memcpy8               
000012fd  memcpy                        
00001399  __aeabi_memclr                
00001399  __aeabi_memclr4               
00001399  __aeabi_memclr8               
0000139b  __aeabi_memset                
0000139b  __aeabi_memset4               
0000139b  __aeabi_memset8               
000013a1  memset                        
00001413  __TI_decompress_lzss          
0000147b  __aeabi_d2iz                  
000014c5  __TI_auto_init_nobinit_nopinit
00001509  __aeabi_d2uiz                 
0000154d  _c_int00_noargs               
00001585  __aeabi_i2d                   
000015b3  __aeabi_ui2d                  
000015d3  __TI_decompress_none          
000015e1  Reset_Handler                 
000015ed  ADC14_IRQHandler              
000015ed  AES256_IRQHandler             
000015ed  BusFault_Handler              
000015ed  COMP_E0_IRQHandler            
000015ed  COMP_E1_IRQHandler            
000015ed  CS_IRQHandler                 
000015ed  DMA_ERR_IRQHandler            
000015ed  DMA_INT0_IRQHandler           
000015ed  DMA_INT1_IRQHandler           
000015ed  DMA_INT2_IRQHandler           
000015ed  DMA_INT3_IRQHandler           
000015ed  DebugMon_Handler              
000015ed  Default_Handler               
000015ed  EUSCIA0_IRQHandler            
000015ed  EUSCIA1_IRQHandler            
000015ed  EUSCIA2_IRQHandler            
000015ed  EUSCIA3_IRQHandler            
000015ed  EUSCIB0_IRQHandler            
000015ed  EUSCIB1_IRQHandler            
000015ed  EUSCIB2_IRQHandler            
000015ed  EUSCIB3_IRQHandler            
000015ed  FLCTL_IRQHandler              
000015ed  FPU_IRQHandler                
000015ed  HardFault_Handler             
000015ed  MemManage_Handler             
000015ed  NMI_Handler                   
000015ed  PCM_IRQHandler                
000015ed  PORT1_IRQHandler              
000015ed  PORT2_IRQHandler              
000015ed  PORT3_IRQHandler              
000015ed  PORT4_IRQHandler              
000015ed  PORT5_IRQHandler              
000015ed  PORT6_IRQHandler              
000015ed  PSS_IRQHandler                
000015ed  PendSV_Handler                
000015ed  RTC_C_IRQHandler              
000015ed  SVC_Handler                   
000015ed  SysTick_Handler               
000015ed  T32_INT1_IRQHandler           
000015ed  T32_INT2_IRQHandler           
000015ed  T32_INTC_IRQHandler           
000015ed  TA0_N_IRQHandler              
000015ed  TA1_0_IRQHandler              
000015ed  TA1_N_IRQHandler              
000015ed  TA2_0_IRQHandler              
000015ed  TA2_N_IRQHandler              
000015ed  TA3_0_IRQHandler              
000015ed  TA3_N_IRQHandler              
000015ed  UsageFault_Handler            
000015ed  WDT_A_IRQHandler              
000015ef  __TI_zero_init                
000015fd  __aeabi_errno_addr            
00001605  _system_pre_init              
00001609  C$$EXIT                       
00001609  abort                         
00001638  __TI_Handler_Table_Base       
00001644  __TI_Handler_Table_Limit      
00001650  __TI_CINIT_Base               
00001660  __TI_CINIT_Limit              
20000000  dataTable                     
20007530  newData                       
2000afc8  hexTable                      
2000afd8  state                         
2000afdc  count                         
2000afe0  ready                         
2000afe4  windowSize                    
2000afe8  errno                         
2000afec  SystemCoreClock               
2000fe00  __stack                       
20010000  __STACK_END                   
4000480c  WDTCTL_SYM                    
ffffffff  __TI_pprof_out_hndl           
ffffffff  __TI_prof_data_size           
ffffffff  __TI_prof_data_start          
ffffffff  __binit__                     
ffffffff  __c_args__                    
ffffffff  binit                         
UNDEFED   __mpu_init                    
UNDEFED   _system_post_cinit            

[129 symbols]
